{
  "steps": [
    {
      "name": "botão da categoria de picolés encontrado",
      "pass": true,
      "details": {}
    },
    {
      "name": "categoria de picolés abre isolada",
      "pass": true,
      "details": {}
    },
    {
      "name": "botão Montar lote encontrado",
      "pass": true,
      "details": {}
    },
    {
      "name": "modal de picolés abre",
      "pass": true,
      "details": {
        "estoqueCarregado": true
      }
    },
    {
      "name": "primeiro sabor possui contador correto",
      "pass": true,
      "details": {
        "key": "Base Água / Frutas (R$ 1,80)|Abacaxi",
        "id": "q-Base Água / Frutas (R$ 1,80)|Abacaxi"
      }
    },
    {
      "name": "botão + incrementa 0 para 1",
      "pass": true,
      "details": {
        "beforeFirst": "0",
        "afterPlus": "1",
        "subtotal": "Subtotal: R$ 1,80"
      }
    },
    {
      "name": "botão − decrementa 1 para 0",
      "pass": true,
      "details": {
        "afterMinus": "0",
        "minusDisabled": true
      }
    },
    {
      "name": "quatro sabores chegam ao lote mínimo de 100",
      "pass": true,
      "details": {
        "selected": {
          "Base Água / Frutas (R$ 1,80)|Abacaxi": 25,
          "Base Água / Frutas (R$ 1,80)|Caju": 25,
          "Base Água / Frutas (R$ 1,80)|Goiaba": 25,
          "Base Água / Frutas (R$ 1,80)|Groselha": 25
        },
        "total": 100,
        "confirmDisabled": false
      }
    },
    {
      "name": "confirmar lote insere picolés no carrinho",
      "pass": true,
      "details": {
        "cartItems": [
          {
            "id": "Base Água / Frutas (R$ 1,80)|Abacaxi",
            "tipo": "Picolé Base Água / Frutas",
            "nome": "Abacaxi",
            "preco": 45,
            "quantidade": 25,
            "precoUnit": 1.8,
            "isPicole": true
          },
          {
            "id": "Base Água / Frutas (R$ 1,80)|Caju",
            "tipo": "Picolé Base Água / Frutas",
            "nome": "Caju",
            "preco": 45,
            "quantidade": 25,
            "precoUnit": 1.8,
            "isPicole": true
          },
          {
            "id": "Base Água / Frutas (R$ 1,80)|Goiaba",
            "tipo": "Picolé Base Água / Frutas",
            "nome": "Goiaba",
            "preco": 45,
            "quantidade": 25,
            "precoUnit": 1.8,
            "isPicole": true
          },
          {
            "id": "Base Água / Frutas (R$ 1,80)|Groselha",
            "tipo": "Picolé Base Água / Frutas",
            "nome": "Groselha",
            "preco": 45,
            "quantidade": 25,
            "precoUnit": 1.8,
            "isPicole": true
          }
        ],
        "modalStillVisible": false
      }
    },
    {
      "name": "abrir carrinho mostra os picolés selecionados",
      "pass": true,
      "details": {
        "cartListText": "Picolé Base Água / Frutas\n                            Abacaxi\n                            25 unidades · R$ 1.80/un\n                            \n                                ✏️ Editar\n                                🗑️ Excluir\n                            \n                        \n                        R$ 45,00\n                    \n                \n                    \n                        \n                            Picolé Base Água / Frutas\n                            Caju\n            "
      }
    },
    {
      "name": "prosseguir abre etapa do formulário",
      "pass": true,
      "details": {}
    }
  ],
  "errors": [],
  "summary": {
    "passed": 11,
    "total": 11,
    "errors": []
  }
}
