{
  "steps": [
    {
      "name": "todos os handlers públicos existem",
      "pass": true,
      "details": {
        "missingFns": []
      }
    },
    {
      "name": "três categorias possuem botões",
      "pass": true,
      "details": {
        "count": 3
      }
    },
    {
      "name": "abrir sec-caixas isola apenas o conteúdo clicado",
      "pass": true,
      "details": {}
    },
    {
      "name": "abrir sec-tortas isola apenas o conteúdo clicado",
      "pass": true,
      "details": {}
    },
    {
      "name": "abrir sec-picoles isola apenas o conteúdo clicado",
      "pass": true,
      "details": {}
    },
    {
      "name": "caixa abre modal de sabores",
      "pass": true,
      "details": {}
    },
    {
      "name": "chips de caixa selecionam a quantidade exigida",
      "pass": true,
      "details": {}
    },
    {
      "name": "confirmar caixa insere item no carrinho",
      "pass": true,
      "details": {}
    },
    {
      "name": "torta abre modal de sabores",
      "pass": true,
      "details": {}
    },
    {
      "name": "chips de torta selecionam a quantidade exigida",
      "pass": true,
      "details": {}
    },
    {
      "name": "confirmar torta insere item no carrinho",
      "pass": true,
      "details": {}
    },
    {
      "name": "modal de picolés renderiza botões + clicáveis",
      "pass": true,
      "details": {
        "activeAdds": 33
      }
    },
    {
      "name": "picolé + atualiza contador",
      "pass": true,
      "details": {}
    },
    {
      "name": "picolé − retorna contador a zero",
      "pass": true,
      "details": {}
    },
    {
      "name": "lote de picolés habilita confirmação ao chegar a 100",
      "pass": true,
      "details": {
        "totalPicoles": 100
      }
    },
    {
      "name": "picolés confirmados no carrinho",
      "pass": true,
      "details": {}
    },
    {
      "name": "editar item de picolé reabre o modal",
      "pass": true,
      "details": {}
    },
    {
      "name": "excluir item de picolé responde ao clique",
      "pass": true,
      "details": {}
    },
    {
      "name": "checkout bloqueia lote abaixo de 100",
      "pass": true,
      "details": {
        "disabled": true,
        "status": "O lote de picolés precisa de 100 unidades. Faltam 25."
      }
    },
    {
      "name": "etapa de identificação abre pelo carrinho",
      "pass": true,
      "details": {
        "formDisplay": "block",
        "nameDisplay": "inline-block",
        "stage2Display": "flex",
        "reviewDisplay": "none"
      }
    },
    {
      "name": "nome libera endereço",
      "pass": true,
      "details": {}
    },
    {
      "name": "endereço libera WhatsApp",
      "pass": true,
      "details": {}
    },
    {
      "name": "WhatsApp válido libera ciência",
      "pass": true,
      "details": {}
    },
    {
      "name": "ciência do prazo libera envio",
      "pass": true,
      "details": {}
    }
  ],
  "errors": [],
  "summary": {
    "passed": 24,
    "total": 24,
    "errors": []
  }
}
