{
  "viewport": {
    "width": 360,
    "height": 800
  },
  "categoryHeaders": [
    {
      "text": "Sorvete em Caixa5L e 10L - 35 Sabores Tipo Artesanal\n      \n      ▼",
      "icon": {
        "x": 33,
        "y": 444.15625,
        "width": 38,
        "height": 38,
        "top": 444.15625,
        "right": 71,
        "bottom": 482.15625,
        "left": 33
      },
      "copy": {
        "x": 83,
        "y": 429.53125,
        "width": 206.234375,
        "height": 67.25,
        "top": 429.53125,
        "right": 289.234375,
        "bottom": 496.78125,
        "left": 83
      },
      "arrow": {
        "x": 303.234375,
        "y": 449.15625,
        "width": 23.765625,
        "height": 28,
        "top": 449.15625,
        "right": 327,
        "bottom": 477.15625,
        "left": 303.234375
      },
      "iconOverCopy": false
    },
    {
      "text": "Tortas GeladasEspeciais para festas e aniversários\n      \n      ▼",
      "icon": {
        "x": 33,
        "y": 575.40625,
        "width": 38,
        "height": 38,
        "top": 575.40625,
        "right": 71,
        "bottom": 613.40625,
        "left": 33
      },
      "copy": {
        "x": 83,
        "y": 560.78125,
        "width": 206.234375,
        "height": 67.25,
        "top": 560.78125,
        "right": 289.234375,
        "bottom": 628.03125,
        "left": 83
      },
      "arrow": {
        "x": 303.234375,
        "y": 580.40625,
        "width": 23.765625,
        "height": 28,
        "top": 580.40625,
        "right": 327,
        "bottom": 608.40625,
        "left": 303.234375
      },
      "iconOverCopy": false
    },
    {
      "text": "Picolés no AtacadoMínimo 100 unidades - Ideal para revenda e eventos\n      \n      ▼",
      "icon": {
        "x": 21,
        "y": 683.265625,
        "width": 38,
        "height": 38,
        "top": 683.265625,
        "right": 59,
        "bottom": 721.265625,
        "left": 21
      },
      "copy": {
        "x": 71,
        "y": 679.03125,
        "width": 240.203125,
        "height": 46.46875,
        "top": 679.03125,
        "right": 311.203125,
        "bottom": 725.5,
        "left": 71
      },
      "arrow": {
        "x": 319.203125,
        "y": 690.765625,
        "width": 19.796875,
        "height": 23,
        "top": 690.765625,
        "right": 339,
        "bottom": 713.765625,
        "left": 319.203125
      },
      "iconOverCopy": false
    }
  ],
  "categoryState": [
    {
      "className": "categoria",
      "display": "none",
      "open": false
    },
    {
      "className": "categoria",
      "display": "none",
      "open": false
    },
    {
      "className": "categoria categoria--picoles open",
      "display": "block",
      "open": true
    }
  ],
  "modal": {
    "display": "flex",
    "groupCount": 4,
    "legacyEmoji": false,
    "titleData": [
      {
        "text": "Base Água / Frutas (R$ 1,80)",
        "icon": {
          "x": 18,
          "y": 248,
          "width": 28,
          "height": 28,
          "top": 248,
          "right": 46,
          "bottom": 276,
          "left": 18
        },
        "label": {
          "x": 54,
          "y": 251.921875,
          "width": 229.21875,
          "height": 20.15625,
          "top": 251.921875,
          "right": 283.21875,
          "bottom": 272.078125,
          "left": 54
        },
        "iconOverLabel": false
      },
      {
        "text": "Recheados (R$ 2,00)",
        "icon": {
          "x": 18,
          "y": 958,
          "width": 28,
          "height": 28,
          "top": 958,
          "right": 46,
          "bottom": 986,
          "left": 18
        },
        "label": {
          "x": 54,
          "y": 961.921875,
          "width": 171.5625,
          "height": 20.15625,
          "top": 961.921875,
          "right": 225.5625,
          "bottom": 982.078125,
          "left": 54
        },
        "iconOverLabel": false
      },
      {
        "text": "Esquimós (R$ 6,00)",
        "icon": {
          "x": 18,
          "y": 2334,
          "width": 28,
          "height": 28,
          "top": 2334,
          "right": 46,
          "bottom": 2362,
          "left": 18
        },
        "label": {
          "x": 54,
          "y": 2337.921875,
          "width": 160.703125,
          "height": 20.15625,
          "top": 2337.921875,
          "right": 214.703125,
          "bottom": 2358.078125,
          "left": 54
        },
        "iconOverLabel": false
      },
      {
        "text": "Especiais (R$ 3,00)",
        "icon": {
          "x": 18,
          "y": 3044,
          "width": 28,
          "height": 28,
          "top": 3044,
          "right": 46,
          "bottom": 3072,
          "left": 18
        },
        "label": {
          "x": 54,
          "y": 3047.921875,
          "width": 158.6875,
          "height": 20.15625,
          "top": 3047.921875,
          "right": 212.6875,
          "bottom": 3068.078125,
          "left": 54
        },
        "iconOverLabel": false
      }
    ]
  },
  "errors": 0
}
