
🔍 Quality Audit — Sorveteria Itapolitana Cajuru

🟢 index.html             Score: 100/100  ✅ 18/18    
     Tudo certo nesta página!

🔴 encomendas.html        Score:  50/100  ✅ 9/18  ❌ 1 crítico(s)  ⚠️  8 aviso(s)
  ❌ [Código] H1 na página: Nenhum <h1> encontrado — prejudica SEO e acessibilidade
  ⚠️  [SEO] Meta description: Faltando <meta name="description"> — impacta CTR no Google
  ⚠️  [SEO] Link canonical: Faltando <link rel="canonical"> — risco de conteúdo duplicado
  ⚠️  [SEO] Open Graph (og:title / og:image): Faltando og:title ou og:image — preview ruim no WhatsApp/Facebook
  ⚠️  [SEO] Schema.org (ld+json): Faltando application/ld+json — Google não lê dados estruturados
  ⚠️  [Performance] Preload da imagem hero (LCP): Nenhum <link rel="preload" as="image"> — LCP pode ser lento
  ⚠️  [Mobile / PWA] PWA Manifest: Faltando <link rel="manifest"> — site não é instalável como app
  ⚠️  [Mobile / PWA] Meta theme-color: Faltando <meta name="theme-color"> — barra do navegador sem cor no mobile
  ⚠️  [Mobile / PWA] Apple Touch Icon: Faltando apple-touch-icon — ícone ruim no iOS

🔴 promocao.html          Score:  56/100  ✅ 10/18  ❌ 1 crítico(s)  ⚠️  7 aviso(s)
  ❌ [Código] H1 na página: Nenhum <h1> encontrado — prejudica SEO e acessibilidade
  ⚠️  [SEO] Link canonical: Faltando <link rel="canonical"> — risco de conteúdo duplicado
  ⚠️  [SEO] Open Graph (og:title / og:image): Faltando og:title ou og:image — preview ruim no WhatsApp/Facebook
  ⚠️  [SEO] Schema.org (ld+json): Faltando application/ld+json — Google não lê dados estruturados
  ⚠️  [Performance] Lazy loading em imagens secundárias: 1 imagem(ns) secundária(s) sem loading="lazy" — impacta performance
  ⚠️  [Performance] Preload da imagem hero (LCP): Nenhum <link rel="preload" as="image"> — LCP pode ser lento
  ⚠️  [Mobile / PWA] PWA Manifest: Faltando <link rel="manifest"> — site não é instalável como app
  ⚠️  [Mobile / PWA] Apple Touch Icon: Faltando apple-touch-icon — ícone ruim no iOS

🟢 carrossel.html         Score: 100/100  ✅ 9/9    
     Tudo certo nesta página!

🟢 dicas.html             Score: 100/100  ✅ 18/18    
     Tudo certo nesta página!

🟢 offline.html           Score: 100/100  ✅ 18/18    
     Tudo certo nesta página!

📄 Relatório salvo em: docs/relatorios/quality-audit.md

🟡 Score médio: 84/100  |  2 item(ns) crítico(s) no total

❌ Auditoria falhou: item(ns) crítico(s) encontrado(s). Corrija antes de fazer push para main.

