{
  "viewport": {
    "width": 768,
    "height": 1024
  },
  "categoryHeaders": [
    {
      "text": "Sorvete em Caixa5L e 10L - 35 Sabores Tipo Artesanal\n      \n      ▼",
      "icon": {
        "x": 33,
        "y": 415.46875,
        "width": 44,
        "height": 44,
        "top": 415.46875,
        "right": 77,
        "bottom": 459.46875,
        "left": 33
      },
      "copy": {
        "x": 89,
        "y": 408.640625,
        "width": 608.234375,
        "height": 57.65625,
        "top": 408.640625,
        "right": 697.234375,
        "bottom": 466.296875,
        "left": 89
      },
      "arrow": {
        "x": 711.234375,
        "y": 423.46875,
        "width": 23.765625,
        "height": 28,
        "top": 423.46875,
        "right": 735,
        "bottom": 451.46875,
        "left": 711.234375
      },
      "iconOverCopy": false
    },
    {
      "text": "Tortas GeladasEspeciais para festas e aniversários\n      \n      ▼",
      "icon": {
        "x": 33,
        "y": 537.125,
        "width": 44,
        "height": 44,
        "top": 537.125,
        "right": 77,
        "bottom": 581.125,
        "left": 33
      },
      "copy": {
        "x": 89,
        "y": 530.296875,
        "width": 608.234375,
        "height": 57.65625,
        "top": 530.296875,
        "right": 697.234375,
        "bottom": 587.953125,
        "left": 89
      },
      "arrow": {
        "x": 711.234375,
        "y": 545.125,
        "width": 23.765625,
        "height": 28,
        "top": 545.125,
        "right": 735,
        "bottom": 573.125,
        "left": 711.234375
      },
      "iconOverCopy": false
    },
    {
      "text": "Picolés no AtacadoMínimo 100 unidades - Ideal para revenda e eventos\n      \n      ▼",
      "icon": {
        "x": 21,
        "y": 638.953125,
        "width": 44,
        "height": 44,
        "top": 638.953125,
        "right": 65,
        "bottom": 682.953125,
        "left": 21
      },
      "copy": {
        "x": 77,
        "y": 641.640625,
        "width": 642.203125,
        "height": 38.625,
        "top": 641.640625,
        "right": 719.203125,
        "bottom": 680.265625,
        "left": 77
      },
      "arrow": {
        "x": 727.203125,
        "y": 649.453125,
        "width": 19.796875,
        "height": 23,
        "top": 649.453125,
        "right": 747,
        "bottom": 672.453125,
        "left": 727.203125
      },
      "iconOverCopy": false
    }
  ],
  "categoryState": [
    {
      "className": "categoria",
      "display": "none",
      "open": false
    },
    {
      "className": "categoria",
      "display": "none",
      "open": false
    },
    {
      "className": "categoria categoria--picoles open",
      "display": "block",
      "open": true
    }
  ],
  "modal": {
    "display": "flex",
    "groupCount": 4,
    "legacyEmoji": false,
    "titleData": [
      {
        "text": "Base Água / Frutas (R$ 1,80)",
        "icon": {
          "x": 62,
          "y": 352,
          "width": 28,
          "height": 28,
          "top": 352,
          "right": 90,
          "bottom": 380,
          "left": 62
        },
        "label": {
          "x": 98,
          "y": 355.921875,
          "width": 229.21875,
          "height": 20.15625,
          "top": 355.921875,
          "right": 327.21875,
          "bottom": 376.078125,
          "left": 98
        },
        "iconOverLabel": false
      },
      {
        "text": "Recheados (R$ 2,00)",
        "icon": {
          "x": 62,
          "y": 1062,
          "width": 28,
          "height": 28,
          "top": 1062,
          "right": 90,
          "bottom": 1090,
          "left": 62
        },
        "label": {
          "x": 98,
          "y": 1065.921875,
          "width": 171.5625,
          "height": 20.15625,
          "top": 1065.921875,
          "right": 269.5625,
          "bottom": 1086.078125,
          "left": 98
        },
        "iconOverLabel": false
      },
      {
        "text": "Esquimós (R$ 6,00)",
        "icon": {
          "x": 62,
          "y": 2420,
          "width": 28,
          "height": 28,
          "top": 2420,
          "right": 90,
          "bottom": 2448,
          "left": 62
        },
        "label": {
          "x": 98,
          "y": 2423.921875,
          "width": 160.703125,
          "height": 20.15625,
          "top": 2423.921875,
          "right": 258.703125,
          "bottom": 2444.078125,
          "left": 98
        },
        "iconOverLabel": false
      },
      {
        "text": "Especiais (R$ 3,00)",
        "icon": {
          "x": 62,
          "y": 3130,
          "width": 28,
          "height": 28,
          "top": 3130,
          "right": 90,
          "bottom": 3158,
          "left": 62
        },
        "label": {
          "x": 98,
          "y": 3133.921875,
          "width": 158.6875,
          "height": 20.15625,
          "top": 3133.921875,
          "right": 256.6875,
          "bottom": 3154.078125,
          "left": 98
        },
        "iconOverLabel": false
      }
    ]
  },
  "errors": 0
}
