{
  "android-360x800-acc-sorvetes": {
    "prepared": {
      "targetId": "acc-sorvetes",
      "opened": true,
      "bodyHeight": 1064,
      "pageHeight": 1902,
      "before": 250,
      "observedAfterOpen": 38,
      "bodyOverflow": "visible",
      "bodyTouchAction": "pan-y",
      "gridColumns": "300px"
    },
    "metrics": {
      "category": "acc-sorvetes",
      "focus": {
        "bodyClass": "fueap-surface fueap-index cookie-banner-open menu-foco-aberto",
        "htmlClass": "menu-foco-aberto",
        "accClass": "acc menu-foco-ativo open menu-foco-scroll-livre",
        "opened": true
      },
      "page": {
        "scrollHeight": 1902,
        "clientHeight": 800,
        "scrollBefore": 250,
        "scrollAfter": 503,
        "touchDelta": 253,
        "bodyOverflowY": "auto",
        "htmlOverflowY": "auto",
        "bodyTouchAction": "pan-y",
        "htmlTouchAction": "pan-y"
      },
      "drawer": {
        "scrollHeight": 1064,
        "clientHeight": 1064,
        "maxHeight": "none",
        "overflowY": "visible",
        "touchAction": "pan-y",
        "overscrollBehaviorY": "auto"
      },
      "grid": {
        "width": 300,
        "columns": "300px",
        "gap": "12px",
        "itemCount": 4
      },
      "card": {
        "width": 300,
        "height": 174.390625,
        "display": "flex",
        "flexDirection": "row",
        "overflow": "hidden",
        "rightWithinViewport": true
      },
      "inlineItems": 4,
      "hiddenExternal": [],
      "clipping": {
        "bodyRect": {
          "x": 12,
          "y": 80.53125,
          "width": 336,
          "height": 1066.046875,
          "top": 80.53125,
          "right": 348,
          "bottom": 1146.578125,
          "left": 12
        },
        "accRect": {
          "x": 10,
          "y": -102.8125,
          "width": 340,
          "height": 1251.390625,
          "top": -102.8125,
          "right": 350,
          "bottom": 1148.578125,
          "left": 10
        }
      }
    },
    "close": {
      "buttonFound": true,
      "scrollAfterClose": 250,
      "restoredToOrigin": true,
      "focusCleared": true,
      "activeOpen": false,
      "activeScrollFree": false
    }
  },
  "android-360x800-acc-picolés": {
    "prepared": {
      "targetId": "acc-picolés",
      "opened": true,
      "bodyHeight": 1802,
      "pageHeight": 2609,
      "before": 250,
      "observedAfterOpen": 7,
      "bodyOverflow": "visible",
      "bodyTouchAction": "pan-y",
      "gridColumns": null
    },
    "metrics": {
      "category": "acc-picolés",
      "focus": {
        "bodyClass": "fueap-surface fueap-index cookie-banner-open menu-foco-aberto",
        "htmlClass": "menu-foco-aberto",
        "accClass": "acc menu-foco-ativo open menu-foco-scroll-livre",
        "opened": true
      },
      "page": {
        "scrollHeight": 2609,
        "clientHeight": 800,
        "scrollBefore": 250,
        "scrollAfter": 472,
        "touchDelta": 222,
        "bodyOverflowY": "auto",
        "htmlOverflowY": "auto",
        "bodyTouchAction": "pan-y",
        "htmlTouchAction": "pan-y"
      },
      "drawer": {
        "scrollHeight": 1802,
        "clientHeight": 1802,
        "maxHeight": "none",
        "overflowY": "visible",
        "touchAction": "pan-y",
        "overscrollBehaviorY": "auto"
      },
      "grid": null,
      "card": {
        "width": 300,
        "height": 207.59375,
        "display": "flex",
        "flexDirection": "column",
        "overflow": "visible",
        "rightWithinViewport": true
      },
      "inlineItems": 6,
      "hiddenExternal": [],
      "clipping": {
        "bodyRect": {
          "x": 12,
          "y": 81.140625,
          "width": 336,
          "height": 1803.53125,
          "top": 81.140625,
          "right": 348,
          "bottom": 1884.671875,
          "left": 12
        },
        "accRect": {
          "x": 10,
          "y": -71.8125,
          "width": 340,
          "height": 1958.484375,
          "top": -71.8125,
          "right": 350,
          "bottom": 1886.671875,
          "left": 10
        }
      }
    },
    "close": {
      "buttonFound": true,
      "scrollAfterClose": 250,
      "restoredToOrigin": true,
      "focusCleared": true,
      "activeOpen": false,
      "activeScrollFree": false
    }
  },
  "android-390x844-acc-sorvetes": {
    "prepared": {
      "targetId": "acc-sorvetes",
      "opened": true,
      "bodyHeight": 975,
      "pageHeight": 1800,
      "before": 250,
      "observedAfterOpen": 0,
      "bodyOverflow": "visible",
      "bodyTouchAction": "pan-y",
      "gridColumns": "330px"
    },
    "metrics": {
      "category": "acc-sorvetes",
      "focus": {
        "bodyClass": "fueap-surface fueap-index cookie-banner-open menu-foco-aberto",
        "htmlClass": "menu-foco-aberto",
        "accClass": "acc menu-foco-ativo open menu-foco-scroll-livre",
        "opened": true
      },
      "page": {
        "scrollHeight": 1800,
        "clientHeight": 844,
        "scrollBefore": 250,
        "scrollAfter": 492,
        "touchDelta": 242,
        "bodyOverflowY": "auto",
        "htmlOverflowY": "auto",
        "bodyTouchAction": "pan-y",
        "htmlTouchAction": "pan-y"
      },
      "drawer": {
        "scrollHeight": 975,
        "clientHeight": 975,
        "maxHeight": "none",
        "overflowY": "visible",
        "touchAction": "pan-y",
        "overscrollBehaviorY": "auto"
      },
      "grid": {
        "width": 330,
        "columns": "330px",
        "gap": "12px",
        "itemCount": 4
      },
      "card": {
        "width": 330,
        "height": 139.203125,
        "display": "flex",
        "flexDirection": "row",
        "overflow": "hidden",
        "rightWithinViewport": true
      },
      "inlineItems": 4,
      "hiddenExternal": [],
      "clipping": {
        "bodyRect": {
          "x": 12,
          "y": 79.390625,
          "width": 366,
          "height": 976.78125,
          "top": 79.390625,
          "right": 378,
          "bottom": 1056.171875,
          "left": 12
        },
        "accRect": {
          "x": 10,
          "y": -103.953125,
          "width": 370,
          "height": 1162.125,
          "top": -103.953125,
          "right": 380,
          "bottom": 1058.171875,
          "left": 10
        }
      }
    },
    "close": {
      "buttonFound": true,
      "scrollAfterClose": 250,
      "restoredToOrigin": true,
      "focusCleared": true,
      "activeOpen": false,
      "activeScrollFree": false
    }
  },
  "android-390x844-acc-picolés": {
    "prepared": {
      "targetId": "acc-picolés",
      "opened": true,
      "bodyHeight": 1802,
      "pageHeight": 2597,
      "before": 250,
      "observedAfterOpen": 0,
      "bodyOverflow": "visible",
      "bodyTouchAction": "pan-y",
      "gridColumns": null
    },
    "metrics": {
      "category": "acc-picolés",
      "focus": {
        "bodyClass": "fueap-surface fueap-index cookie-banner-open menu-foco-aberto",
        "htmlClass": "menu-foco-aberto",
        "accClass": "acc menu-foco-ativo open menu-foco-scroll-livre",
        "opened": true
      },
      "page": {
        "scrollHeight": 2597,
        "clientHeight": 844,
        "scrollBefore": 250,
        "scrollAfter": 492,
        "touchDelta": 242,
        "bodyOverflowY": "auto",
        "htmlOverflowY": "auto",
        "bodyTouchAction": "pan-y",
        "htmlTouchAction": "pan-y"
      },
      "drawer": {
        "scrollHeight": 1802,
        "clientHeight": 1802,
        "maxHeight": "none",
        "overflowY": "visible",
        "touchAction": "pan-y",
        "overscrollBehaviorY": "auto"
      },
      "grid": null,
      "card": {
        "width": 330,
        "height": 207.59375,
        "display": "flex",
        "flexDirection": "column",
        "overflow": "visible",
        "rightWithinViewport": true
      },
      "inlineItems": 6,
      "hiddenExternal": [],
      "clipping": {
        "bodyRect": {
          "x": 12,
          "y": 49,
          "width": 366,
          "height": 1803.53125,
          "top": 49,
          "right": 378,
          "bottom": 1852.53125,
          "left": 12
        },
        "accRect": {
          "x": 10,
          "y": -103.953125,
          "width": 370,
          "height": 1958.484375,
          "top": -103.953125,
          "right": 380,
          "bottom": 1854.53125,
          "left": 10
        }
      }
    },
    "close": {
      "buttonFound": true,
      "scrollAfterClose": 250,
      "restoredToOrigin": true,
      "focusCleared": true,
      "activeOpen": false,
      "activeScrollFree": false
    }
  },
  "iphone-375x812-acc-sorvetes": {
    "prepared": {
      "targetId": "acc-sorvetes",
      "opened": true,
      "bodyHeight": 1064,
      "pageHeight": 1888,
      "before": 250,
      "observedAfterOpen": 12,
      "bodyOverflow": "visible",
      "bodyTouchAction": "pan-y",
      "gridColumns": "315px"
    },
    "metrics": {
      "category": "acc-sorvetes",
      "focus": {
        "bodyClass": "fueap-surface fueap-index cookie-banner-open menu-foco-aberto",
        "htmlClass": "menu-foco-aberto",
        "accClass": "acc menu-foco-ativo open menu-foco-scroll-livre",
        "opened": true
      },
      "page": {
        "scrollHeight": 1888,
        "clientHeight": 812,
        "scrollBefore": 250,
        "scrollAfter": 484,
        "touchDelta": 234,
        "bodyOverflowY": "auto",
        "htmlOverflowY": "auto",
        "bodyTouchAction": "pan-y",
        "htmlTouchAction": "pan-y"
      },
      "drawer": {
        "scrollHeight": 1064,
        "clientHeight": 1064,
        "maxHeight": "none",
        "overflowY": "visible",
        "touchAction": "pan-y",
        "overscrollBehaviorY": "auto"
      },
      "grid": {
        "width": 315,
        "columns": "315px",
        "gap": "12px",
        "itemCount": 4
      },
      "card": {
        "width": 315,
        "height": 174.390625,
        "display": "flex",
        "flexDirection": "row",
        "overflow": "hidden",
        "rightWithinViewport": true
      },
      "inlineItems": 4,
      "hiddenExternal": [],
      "clipping": {
        "bodyRect": {
          "x": 12,
          "y": 85.65625,
          "width": 351,
          "height": 1066.046875,
          "top": 85.65625,
          "right": 363,
          "bottom": 1151.703125,
          "left": 12
        },
        "accRect": {
          "x": 10,
          "y": -97.6875,
          "width": 355,
          "height": 1251.390625,
          "top": -97.6875,
          "right": 365,
          "bottom": 1153.703125,
          "left": 10
        }
      }
    },
    "close": {
      "buttonFound": true,
      "scrollAfterClose": 250,
      "restoredToOrigin": true,
      "focusCleared": true,
      "activeOpen": false,
      "activeScrollFree": false
    }
  },
  "iphone-375x812-acc-picolés": {
    "prepared": {
      "targetId": "acc-picolés",
      "opened": true,
      "bodyHeight": 1802,
      "pageHeight": 2595,
      "before": 250,
      "observedAfterOpen": 0,
      "bodyOverflow": "visible",
      "bodyTouchAction": "pan-y",
      "gridColumns": null
    },
    "metrics": {
      "category": "acc-picolés",
      "focus": {
        "bodyClass": "fueap-surface fueap-index cookie-banner-open menu-foco-aberto",
        "htmlClass": "menu-foco-aberto",
        "accClass": "acc menu-foco-ativo open menu-foco-scroll-livre",
        "opened": true
      },
      "page": {
        "scrollHeight": 2595,
        "clientHeight": 812,
        "scrollBefore": 250,
        "scrollAfter": 472,
        "touchDelta": 222,
        "bodyOverflowY": "auto",
        "htmlOverflowY": "auto",
        "bodyTouchAction": "pan-y",
        "htmlTouchAction": "pan-y"
      },
      "drawer": {
        "scrollHeight": 1802,
        "clientHeight": 1802,
        "maxHeight": "none",
        "overflowY": "visible",
        "touchAction": "pan-y",
        "overscrollBehaviorY": "auto"
      },
      "grid": null,
      "card": {
        "width": 315,
        "height": 207.59375,
        "display": "flex",
        "flexDirection": "column",
        "overflow": "visible",
        "rightWithinViewport": true
      },
      "inlineItems": 6,
      "hiddenExternal": [],
      "clipping": {
        "bodyRect": {
          "x": 12,
          "y": 67.265625,
          "width": 351,
          "height": 1803.53125,
          "top": 67.265625,
          "right": 363,
          "bottom": 1870.796875,
          "left": 12
        },
        "accRect": {
          "x": 10,
          "y": -85.6875,
          "width": 355,
          "height": 1958.484375,
          "top": -85.6875,
          "right": 365,
          "bottom": 1872.796875,
          "left": 10
        }
      }
    },
    "close": {
      "buttonFound": true,
      "scrollAfterClose": 250,
      "restoredToOrigin": true,
      "focusCleared": true,
      "activeOpen": false,
      "activeScrollFree": false
    }
  },
  "iphone-393x852-acc-sorvetes": {
    "prepared": {
      "targetId": "acc-sorvetes",
      "opened": true,
      "bodyHeight": 868,
      "pageHeight": 1694,
      "before": 250,
      "observedAfterOpen": 0,
      "bodyOverflow": "visible",
      "bodyTouchAction": "pan-y",
      "gridColumns": "333px"
    },
    "metrics": {
      "category": "acc-sorvetes",
      "focus": {
        "bodyClass": "fueap-surface fueap-index cookie-banner-open menu-foco-aberto",
        "htmlClass": "menu-foco-aberto",
        "accClass": "acc menu-foco-ativo open menu-foco-scroll-livre",
        "opened": true
      },
      "page": {
        "scrollHeight": 1694,
        "clientHeight": 852,
        "scrollBefore": 250,
        "scrollAfter": 496,
        "touchDelta": 246,
        "bodyOverflowY": "auto",
        "htmlOverflowY": "auto",
        "bodyTouchAction": "pan-y",
        "htmlTouchAction": "pan-y"
      },
      "drawer": {
        "scrollHeight": 868,
        "clientHeight": 868,
        "maxHeight": "none",
        "overflowY": "visible",
        "touchAction": "pan-y",
        "overscrollBehaviorY": "auto"
      },
      "grid": {
        "width": 333,
        "columns": "333px",
        "gap": "12px",
        "itemCount": 4
      },
      "card": {
        "width": 333,
        "height": 130.125,
        "display": "flex",
        "flexDirection": "row",
        "overflow": "hidden",
        "rightWithinViewport": true
      },
      "inlineItems": 4,
      "hiddenExternal": [],
      "clipping": {
        "bodyRect": {
          "x": 12,
          "y": 75.71875,
          "width": 369,
          "height": 870.09375,
          "top": 75.71875,
          "right": 381,
          "bottom": 945.8125,
          "left": 12
        },
        "accRect": {
          "x": 10,
          "y": -107.625,
          "width": 373,
          "height": 1055.4375,
          "top": -107.625,
          "right": 383,
          "bottom": 947.8125,
          "left": 10
        }
      }
    },
    "close": {
      "buttonFound": true,
      "scrollAfterClose": 250,
      "restoredToOrigin": true,
      "focusCleared": true,
      "activeOpen": false,
      "activeScrollFree": false
    }
  },
  "iphone-393x852-acc-picolés": {
    "prepared": {
      "targetId": "acc-picolés",
      "opened": true,
      "bodyHeight": 1300,
      "pageHeight": 2096,
      "before": 250,
      "observedAfterOpen": 0,
      "bodyOverflow": "visible",
      "bodyTouchAction": "pan-y",
      "gridColumns": null
    },
    "metrics": {
      "category": "acc-picolés",
      "focus": {
        "bodyClass": "fueap-surface fueap-index cookie-banner-open menu-foco-aberto",
        "htmlClass": "menu-foco-aberto",
        "accClass": "acc menu-foco-ativo open menu-foco-scroll-livre",
        "opened": true
      },
      "page": {
        "scrollHeight": 2096,
        "clientHeight": 852,
        "scrollBefore": 250,
        "scrollAfter": 496,
        "touchDelta": 246,
        "bodyOverflowY": "auto",
        "htmlOverflowY": "auto",
        "bodyTouchAction": "pan-y",
        "htmlTouchAction": "pan-y"
      },
      "drawer": {
        "scrollHeight": 1300,
        "clientHeight": 1300,
        "maxHeight": "none",
        "overflowY": "visible",
        "touchAction": "pan-y",
        "overscrollBehaviorY": "auto"
      },
      "grid": null,
      "card": {
        "width": 160.5,
        "height": 292.96875,
        "display": "flex",
        "flexDirection": "column",
        "overflow": "visible",
        "rightWithinViewport": true
      },
      "inlineItems": 6,
      "hiddenExternal": [],
      "clipping": {
        "bodyRect": {
          "x": 12,
          "y": 45.328125,
          "width": 369,
          "height": 1302.46875,
          "top": 45.328125,
          "right": 381,
          "bottom": 1347.796875,
          "left": 12
        },
        "accRect": {
          "x": 10,
          "y": -107.625,
          "width": 373,
          "height": 1457.421875,
          "top": -107.625,
          "right": 383,
          "bottom": 1349.796875,
          "left": 10
        }
      }
    },
    "close": {
      "buttonFound": true,
      "scrollAfterClose": 250,
      "restoredToOrigin": true,
      "focusCleared": true,
      "activeOpen": false,
      "activeScrollFree": false
    }
  },
  "tablet-768x1024-acc-sorvetes": {
    "prepared": {
      "targetId": "acc-sorvetes",
      "opened": true,
      "bodyHeight": 739,
      "pageHeight": 1497,
      "before": 250,
      "observedAfterOpen": 0,
      "bodyOverflow": "visible",
      "bodyTouchAction": "pan-y",
      "gridColumns": "205.328px 205.328px 205.328px"
    },
    "metrics": {
      "category": "acc-sorvetes",
      "focus": {
        "bodyClass": "fueap-surface fueap-index cookie-banner-open menu-foco-aberto",
        "htmlClass": "menu-foco-aberto",
        "accClass": "acc menu-foco-ativo open menu-foco-scroll-livre",
        "opened": true
      },
      "page": {
        "scrollHeight": 1497,
        "clientHeight": 1024,
        "scrollBefore": 250,
        "scrollAfter": 473,
        "touchDelta": 223,
        "bodyOverflowY": "auto",
        "htmlOverflowY": "auto",
        "bodyTouchAction": "pan-y",
        "htmlTouchAction": "pan-y"
      },
      "drawer": {
        "scrollHeight": 739,
        "clientHeight": 739,
        "maxHeight": "none",
        "overflowY": "visible",
        "touchAction": "pan-y",
        "overscrollBehaviorY": "auto"
      },
      "grid": {
        "width": 656,
        "columns": "205.328px 205.328px 205.328px",
        "gap": "12px",
        "itemCount": 4
      },
      "card": {
        "width": 205.328125,
        "height": 216.9375,
        "display": "block",
        "flexDirection": "row",
        "overflow": "hidden",
        "rightWithinViewport": true
      },
      "inlineItems": 4,
      "hiddenExternal": [],
      "clipping": {
        "bodyRect": {
          "x": 38,
          "y": -27.8125,
          "width": 692,
          "height": 741.46875,
          "top": -27.8125,
          "right": 730,
          "bottom": 713.65625,
          "left": 38
        },
        "accRect": {
          "x": 36,
          "y": -131.109375,
          "width": 696,
          "height": 846.765625,
          "top": -131.109375,
          "right": 732,
          "bottom": 715.65625,
          "left": 36
        }
      }
    },
    "close": {
      "buttonFound": true,
      "scrollAfterClose": 250,
      "restoredToOrigin": true,
      "focusCleared": true,
      "activeOpen": false,
      "activeScrollFree": false
    }
  },
  "tablet-768x1024-acc-picolés": {
    "prepared": {
      "targetId": "acc-picolés",
      "opened": true,
      "bodyHeight": 869,
      "pageHeight": 1626,
      "before": 250,
      "observedAfterOpen": 0,
      "bodyOverflow": "visible",
      "bodyTouchAction": "pan-y",
      "gridColumns": null
    },
    "metrics": {
      "category": "acc-picolés",
      "focus": {
        "bodyClass": "fueap-surface fueap-index cookie-banner-open menu-foco-aberto",
        "htmlClass": "menu-foco-aberto",
        "accClass": "acc menu-foco-ativo open menu-foco-scroll-livre",
        "opened": true
      },
      "page": {
        "scrollHeight": 1626,
        "clientHeight": 1024,
        "scrollBefore": 250,
        "scrollAfter": 599,
        "touchDelta": 349,
        "bodyOverflowY": "auto",
        "htmlOverflowY": "auto",
        "bodyTouchAction": "pan-y",
        "htmlTouchAction": "pan-y"
      },
      "drawer": {
        "scrollHeight": 869,
        "clientHeight": 869,
        "maxHeight": "none",
        "overflowY": "visible",
        "touchAction": "pan-y",
        "overscrollBehaviorY": "auto"
      },
      "grid": null,
      "card": {
        "width": 210.65625,
        "height": 260.328125,
        "display": "flex",
        "flexDirection": "column",
        "overflow": "visible",
        "rightWithinViewport": true
      },
      "inlineItems": 6,
      "hiddenExternal": [],
      "clipping": {
        "bodyRect": {
          "x": 38,
          "y": -153.8125,
          "width": 692,
          "height": 870.640625,
          "top": -153.8125,
          "right": 730,
          "bottom": 716.828125,
          "left": 38
        },
        "accRect": {
          "x": 36,
          "y": -257.109375,
          "width": 696,
          "height": 975.9375,
          "top": -257.109375,
          "right": 732,
          "bottom": 718.828125,
          "left": 36
        }
      }
    },
    "close": {
      "buttonFound": true,
      "scrollAfterClose": 250,
      "restoredToOrigin": true,
      "focusCleared": true,
      "activeOpen": false,
      "activeScrollFree": false
    }
  },
  "pc-1366x768-acc-sorvetes": {
    "prepared": {
      "targetId": "acc-sorvetes",
      "opened": true,
      "bodyHeight": 511,
      "pageHeight": 1167,
      "before": 250,
      "observedAfterOpen": 0,
      "bodyOverflow": "visible",
      "bodyTouchAction": "pan-y",
      "gridColumns": "222.25px 222.25px 222.25px 222.25px"
    },
    "metrics": {
      "category": "acc-sorvetes",
      "focus": {
        "bodyClass": "fueap-surface fueap-index cookie-banner-open menu-foco-aberto",
        "htmlClass": "menu-foco-aberto",
        "accClass": "acc menu-foco-ativo open menu-foco-scroll-livre",
        "opened": true
      },
      "page": {
        "scrollHeight": 1167,
        "clientHeight": 768,
        "scrollBefore": 250,
        "scrollAfter": 399,
        "touchDelta": 149,
        "bodyOverflowY": "auto",
        "htmlOverflowY": "auto",
        "bodyTouchAction": "pan-y",
        "htmlTouchAction": "pan-y"
      },
      "drawer": {
        "scrollHeight": 511,
        "clientHeight": 511,
        "maxHeight": "none",
        "overflowY": "visible",
        "touchAction": "pan-y",
        "overscrollBehaviorY": "auto"
      },
      "grid": {
        "width": 980,
        "columns": "222.25px 222.25px 222.25px 222.25px",
        "gap": "25px",
        "itemCount": 4
      },
      "card": {
        "width": 222.25,
        "height": 216.9375,
        "display": "block",
        "flexDirection": "row",
        "overflow": "hidden",
        "rightWithinViewport": true
      },
      "inlineItems": 4,
      "hiddenExternal": [],
      "clipping": {
        "bodyRect": {
          "x": 167.5,
          "y": 19.375,
          "width": 1016,
          "height": 512.53125,
          "top": 19.375,
          "right": 1183.5,
          "bottom": 531.90625,
          "left": 167.5
        },
        "accRect": {
          "x": 165.5,
          "y": -101.21875,
          "width": 1020,
          "height": 635.125,
          "top": -101.21875,
          "right": 1185.5,
          "bottom": 533.90625,
          "left": 165.5
        }
      }
    },
    "close": {
      "buttonFound": true,
      "scrollAfterClose": 250,
      "restoredToOrigin": true,
      "focusCleared": true,
      "activeOpen": false,
      "activeScrollFree": false
    }
  },
  "pc-1366x768-acc-picolés": {
    "prepared": {
      "targetId": "acc-picolés",
      "opened": true,
      "bodyHeight": 844,
      "pageHeight": 1500,
      "before": 250,
      "observedAfterOpen": 0,
      "bodyOverflow": "visible",
      "bodyTouchAction": "pan-y",
      "gridColumns": null
    },
    "metrics": {
      "category": "acc-picolés",
      "focus": {
        "bodyClass": "fueap-surface fueap-index cookie-banner-open menu-foco-aberto",
        "htmlClass": "menu-foco-aberto",
        "accClass": "acc menu-foco-ativo open menu-foco-scroll-livre",
        "opened": true
      },
      "page": {
        "scrollHeight": 1500,
        "clientHeight": 768,
        "scrollBefore": 250,
        "scrollAfter": 446,
        "touchDelta": 196,
        "bodyOverflowY": "auto",
        "htmlOverflowY": "auto",
        "bodyTouchAction": "pan-y",
        "htmlTouchAction": "pan-y"
      },
      "drawer": {
        "scrollHeight": 844,
        "clientHeight": 844,
        "maxHeight": "none",
        "overflowY": "visible",
        "touchAction": "pan-y",
        "overscrollBehaviorY": "auto"
      },
      "grid": null,
      "card": {
        "width": 186.390625,
        "height": 260.328125,
        "display": "flex",
        "flexDirection": "column",
        "overflow": "visible",
        "rightWithinViewport": true
      },
      "inlineItems": 6,
      "hiddenExternal": [],
      "clipping": {
        "bodyRect": {
          "x": 167.5,
          "y": -27.625,
          "width": 1016,
          "height": 846.0625,
          "top": -27.625,
          "right": 1183.5,
          "bottom": 818.4375,
          "left": 167.5
        },
        "accRect": {
          "x": 165.5,
          "y": -148.21875,
          "width": 1020,
          "height": 968.65625,
          "top": -148.21875,
          "right": 1185.5,
          "bottom": 820.4375,
          "left": 165.5
        }
      }
    },
    "close": {
      "buttonFound": true,
      "scrollAfterClose": 250,
      "restoredToOrigin": true,
      "focusCleared": true,
      "activeOpen": false,
      "activeScrollFree": false
    }
  }
}
