{
  "android-360x800-acc-sorvetes": {
    "prepared": {
      "targetId": "acc-sorvetes",
      "opened": true,
      "bodyHeight": 1064,
      "pageHeight": 1874,
      "before": 250,
      "observedAfterOpen": 10,
      "bodyOverflow": "visible",
      "bodyTouchAction": "pan-y",
      "gridColumns": "300px"
    },
    "metrics": {
      "category": "acc-sorvetes",
      "focus": {
        "bodyClass": "fueap-surface fueap-index cookie-banner-open menu-foco-aberto",
        "htmlClass": "menu-foco-aberto",
        "accClass": "acc menu-foco-ativo open menu-foco-scroll-livre",
        "opened": true
      },
      "page": {
        "scrollHeight": 1874,
        "clientHeight": 800,
        "scrollBefore": 250,
        "scrollAfter": 475,
        "touchDelta": 225,
        "bodyOverflowY": "auto",
        "htmlOverflowY": "auto",
        "bodyTouchAction": "pan-y",
        "htmlTouchAction": "pan-y"
      },
      "drawer": {
        "scrollHeight": 1064,
        "clientHeight": 1064,
        "maxHeight": "none",
        "overflowY": "visible",
        "touchAction": "pan-y",
        "overscrollBehaviorY": "auto"
      },
      "grid": {
        "width": 300,
        "columns": "300px",
        "gap": "12px",
        "itemCount": 4
      },
      "card": {
        "width": 300,
        "height": 174.390625,
        "display": "flex",
        "flexDirection": "row",
        "overflow": "hidden",
        "rightWithinViewport": true
      },
      "inlineItems": 4,
      "hiddenExternal": [],
      "clipping": {
        "bodyRect": {
          "x": 12,
          "y": 80.625,
          "width": 336,
          "height": 1066.046875,
          "top": 80.625,
          "right": 348,
          "bottom": 1146.671875,
          "left": 12
        },
        "accRect": {
          "x": 10,
          "y": -102.71875,
          "width": 340,
          "height": 1251.390625,
          "top": -102.71875,
          "right": 350,
          "bottom": 1148.671875,
          "left": 10
        }
      }
    },
    "close": {
      "buttonFound": true,
      "scrollAfterClose": 250,
      "restoredToOrigin": true,
      "focusCleared": true,
      "activeOpen": false,
      "activeScrollFree": false
    }
  },
  "android-360x800-acc-picolés": {
    "prepared": {
      "targetId": "acc-picolés",
      "opened": true,
      "bodyHeight": 1802,
      "pageHeight": 2581,
      "before": 250,
      "observedAfterOpen": 0,
      "bodyOverflow": "visible",
      "bodyTouchAction": "pan-y",
      "gridColumns": null
    },
    "metrics": {
      "category": "acc-picolés",
      "focus": {
        "bodyClass": "fueap-surface fueap-index cookie-banner-open menu-foco-aberto",
        "htmlClass": "menu-foco-aberto",
        "accClass": "acc menu-foco-ativo open menu-foco-scroll-livre",
        "opened": true
      },
      "page": {
        "scrollHeight": 2581,
        "clientHeight": 800,
        "scrollBefore": 250,
        "scrollAfter": 465,
        "touchDelta": 215,
        "bodyOverflowY": "auto",
        "htmlOverflowY": "auto",
        "bodyTouchAction": "pan-y",
        "htmlTouchAction": "pan-y"
      },
      "drawer": {
        "scrollHeight": 1802,
        "clientHeight": 1802,
        "maxHeight": "none",
        "overflowY": "visible",
        "touchAction": "pan-y",
        "overscrollBehaviorY": "auto"
      },
      "grid": null,
      "card": {
        "width": 300,
        "height": 207.59375,
        "display": "flex",
        "flexDirection": "column",
        "overflow": "visible",
        "rightWithinViewport": true
      },
      "inlineItems": 6,
      "hiddenExternal": [],
      "clipping": {
        "bodyRect": {
          "x": 12,
          "y": 60.234375,
          "width": 336,
          "height": 1803.53125,
          "top": 60.234375,
          "right": 348,
          "bottom": 1863.765625,
          "left": 12
        },
        "accRect": {
          "x": 10,
          "y": -92.71875,
          "width": 340,
          "height": 1958.484375,
          "top": -92.71875,
          "right": 350,
          "bottom": 1865.765625,
          "left": 10
        }
      }
    },
    "close": {
      "buttonFound": true,
      "scrollAfterClose": 250,
      "restoredToOrigin": true,
      "focusCleared": true,
      "activeOpen": false,
      "activeScrollFree": false
    }
  },
  "android-390x844-acc-sorvetes": {
    "prepared": {
      "targetId": "acc-sorvetes",
      "opened": true,
      "bodyHeight": 975,
      "pageHeight": 1784,
      "before": 250,
      "observedAfterOpen": 0,
      "bodyOverflow": "visible",
      "bodyTouchAction": "pan-y",
      "gridColumns": "330px"
    },
    "metrics": {
      "category": "acc-sorvetes",
      "focus": {
        "bodyClass": "fueap-surface fueap-index cookie-banner-open menu-foco-aberto",
        "htmlClass": "menu-foco-aberto",
        "accClass": "acc menu-foco-ativo open menu-foco-scroll-livre",
        "opened": true
      },
      "page": {
        "scrollHeight": 1784,
        "clientHeight": 844,
        "scrollBefore": 250,
        "scrollAfter": 492,
        "touchDelta": 242,
        "bodyOverflowY": "auto",
        "htmlOverflowY": "auto",
        "bodyTouchAction": "pan-y",
        "htmlTouchAction": "pan-y"
      },
      "drawer": {
        "scrollHeight": 975,
        "clientHeight": 975,
        "maxHeight": "none",
        "overflowY": "visible",
        "touchAction": "pan-y",
        "overscrollBehaviorY": "auto"
      },
      "grid": {
        "width": 330,
        "columns": "330px",
        "gap": "12px",
        "itemCount": 4
      },
      "card": {
        "width": 330,
        "height": 139.203125,
        "display": "flex",
        "flexDirection": "row",
        "overflow": "hidden",
        "rightWithinViewport": true
      },
      "inlineItems": 4,
      "hiddenExternal": [],
      "clipping": {
        "bodyRect": {
          "x": 12,
          "y": 63.625,
          "width": 366,
          "height": 976.78125,
          "top": 63.625,
          "right": 378,
          "bottom": 1040.40625,
          "left": 12
        },
        "accRect": {
          "x": 10,
          "y": -119.71875,
          "width": 370,
          "height": 1162.125,
          "top": -119.71875,
          "right": 380,
          "bottom": 1042.40625,
          "left": 10
        }
      }
    },
    "close": {
      "buttonFound": true,
      "scrollAfterClose": 250,
      "restoredToOrigin": true,
      "focusCleared": true,
      "activeOpen": false,
      "activeScrollFree": false
    }
  },
  "android-390x844-acc-picolés": {
    "prepared": {
      "targetId": "acc-picolés",
      "opened": true,
      "bodyHeight": 1802,
      "pageHeight": 2581,
      "before": 250,
      "observedAfterOpen": 0,
      "bodyOverflow": "visible",
      "bodyTouchAction": "pan-y",
      "gridColumns": null
    },
    "metrics": {
      "category": "acc-picolés",
      "focus": {
        "bodyClass": "fueap-surface fueap-index cookie-banner-open menu-foco-aberto",
        "htmlClass": "menu-foco-aberto",
        "accClass": "acc menu-foco-ativo open menu-foco-scroll-livre",
        "opened": true
      },
      "page": {
        "scrollHeight": 2581,
        "clientHeight": 844,
        "scrollBefore": 250,
        "scrollAfter": 492,
        "touchDelta": 242,
        "bodyOverflowY": "auto",
        "htmlOverflowY": "auto",
        "bodyTouchAction": "pan-y",
        "htmlTouchAction": "pan-y"
      },
      "drawer": {
        "scrollHeight": 1802,
        "clientHeight": 1802,
        "maxHeight": "none",
        "overflowY": "visible",
        "touchAction": "pan-y",
        "overscrollBehaviorY": "auto"
      },
      "grid": null,
      "card": {
        "width": 330,
        "height": 207.59375,
        "display": "flex",
        "flexDirection": "column",
        "overflow": "visible",
        "rightWithinViewport": true
      },
      "inlineItems": 6,
      "hiddenExternal": [],
      "clipping": {
        "bodyRect": {
          "x": 12,
          "y": 33.234375,
          "width": 366,
          "height": 1803.53125,
          "top": 33.234375,
          "right": 378,
          "bottom": 1836.765625,
          "left": 12
        },
        "accRect": {
          "x": 10,
          "y": -119.71875,
          "width": 370,
          "height": 1958.484375,
          "top": -119.71875,
          "right": 380,
          "bottom": 1838.765625,
          "left": 10
        }
      }
    },
    "close": {
      "buttonFound": true,
      "scrollAfterClose": 250,
      "restoredToOrigin": true,
      "focusCleared": true,
      "activeOpen": false,
      "activeScrollFree": false
    }
  },
  "iphone-375x812-acc-sorvetes": {
    "prepared": {
      "targetId": "acc-sorvetes",
      "opened": true,
      "bodyHeight": 1064,
      "pageHeight": 1874,
      "before": 250,
      "observedAfterOpen": 0,
      "bodyOverflow": "visible",
      "bodyTouchAction": "pan-y",
      "gridColumns": "315px"
    },
    "metrics": {
      "category": "acc-sorvetes",
      "focus": {
        "bodyClass": "fueap-surface fueap-index cookie-banner-open menu-foco-aberto",
        "htmlClass": "menu-foco-aberto",
        "accClass": "acc menu-foco-ativo open menu-foco-scroll-livre",
        "opened": true
      },
      "page": {
        "scrollHeight": 1874,
        "clientHeight": 812,
        "scrollBefore": 250,
        "scrollAfter": 472,
        "touchDelta": 222,
        "bodyOverflowY": "auto",
        "htmlOverflowY": "auto",
        "bodyTouchAction": "pan-y",
        "htmlTouchAction": "pan-y"
      },
      "drawer": {
        "scrollHeight": 1064,
        "clientHeight": 1064,
        "maxHeight": "none",
        "overflowY": "visible",
        "touchAction": "pan-y",
        "overscrollBehaviorY": "auto"
      },
      "grid": {
        "width": 315,
        "columns": "315px",
        "gap": "12px",
        "itemCount": 4
      },
      "card": {
        "width": 315,
        "height": 174.390625,
        "display": "flex",
        "flexDirection": "row",
        "overflow": "hidden",
        "rightWithinViewport": true
      },
      "inlineItems": 4,
      "hiddenExternal": [],
      "clipping": {
        "bodyRect": {
          "x": 12,
          "y": 83.625,
          "width": 351,
          "height": 1066.046875,
          "top": 83.625,
          "right": 363,
          "bottom": 1149.671875,
          "left": 12
        },
        "accRect": {
          "x": 10,
          "y": -99.71875,
          "width": 355,
          "height": 1251.390625,
          "top": -99.71875,
          "right": 365,
          "bottom": 1151.671875,
          "left": 10
        }
      }
    },
    "close": {
      "buttonFound": true,
      "scrollAfterClose": 250,
      "restoredToOrigin": true,
      "focusCleared": true,
      "activeOpen": false,
      "activeScrollFree": false
    }
  },
  "iphone-375x812-acc-picolés": {
    "prepared": {
      "targetId": "acc-picolés",
      "opened": true,
      "bodyHeight": 1802,
      "pageHeight": 2581,
      "before": 250,
      "observedAfterOpen": 0,
      "bodyOverflow": "visible",
      "bodyTouchAction": "pan-y",
      "gridColumns": null
    },
    "metrics": {
      "category": "acc-picolés",
      "focus": {
        "bodyClass": "fueap-surface fueap-index cookie-banner-open menu-foco-aberto",
        "htmlClass": "menu-foco-aberto",
        "accClass": "acc menu-foco-ativo open menu-foco-scroll-livre",
        "opened": true
      },
      "page": {
        "scrollHeight": 2581,
        "clientHeight": 812,
        "scrollBefore": 250,
        "scrollAfter": 472,
        "touchDelta": 222,
        "bodyOverflowY": "auto",
        "htmlOverflowY": "auto",
        "bodyTouchAction": "pan-y",
        "htmlTouchAction": "pan-y"
      },
      "drawer": {
        "scrollHeight": 1802,
        "clientHeight": 1802,
        "maxHeight": "none",
        "overflowY": "visible",
        "touchAction": "pan-y",
        "overscrollBehaviorY": "auto"
      },
      "grid": null,
      "card": {
        "width": 315,
        "height": 207.59375,
        "display": "flex",
        "flexDirection": "column",
        "overflow": "visible",
        "rightWithinViewport": true
      },
      "inlineItems": 6,
      "hiddenExternal": [],
      "clipping": {
        "bodyRect": {
          "x": 12,
          "y": 53.234375,
          "width": 351,
          "height": 1803.53125,
          "top": 53.234375,
          "right": 363,
          "bottom": 1856.765625,
          "left": 12
        },
        "accRect": {
          "x": 10,
          "y": -99.71875,
          "width": 355,
          "height": 1958.484375,
          "top": -99.71875,
          "right": 365,
          "bottom": 1858.765625,
          "left": 10
        }
      }
    },
    "close": {
      "buttonFound": true,
      "scrollAfterClose": 250,
      "restoredToOrigin": true,
      "focusCleared": true,
      "activeOpen": false,
      "activeScrollFree": false
    }
  },
  "iphone-393x852-acc-sorvetes": {
    "prepared": {
      "targetId": "acc-sorvetes",
      "opened": true,
      "bodyHeight": 868,
      "pageHeight": 1678,
      "before": 250,
      "observedAfterOpen": 0,
      "bodyOverflow": "visible",
      "bodyTouchAction": "pan-y",
      "gridColumns": "333px"
    },
    "metrics": {
      "category": "acc-sorvetes",
      "focus": {
        "bodyClass": "fueap-surface fueap-index cookie-banner-open menu-foco-aberto",
        "htmlClass": "menu-foco-aberto",
        "accClass": "acc menu-foco-ativo open menu-foco-scroll-livre",
        "opened": true
      },
      "page": {
        "scrollHeight": 1678,
        "clientHeight": 852,
        "scrollBefore": 250,
        "scrollAfter": 496,
        "touchDelta": 246,
        "bodyOverflowY": "auto",
        "htmlOverflowY": "auto",
        "bodyTouchAction": "pan-y",
        "htmlTouchAction": "pan-y"
      },
      "drawer": {
        "scrollHeight": 868,
        "clientHeight": 868,
        "maxHeight": "none",
        "overflowY": "visible",
        "touchAction": "pan-y",
        "overscrollBehaviorY": "auto"
      },
      "grid": {
        "width": 333,
        "columns": "333px",
        "gap": "12px",
        "itemCount": 4
      },
      "card": {
        "width": 333,
        "height": 130.125,
        "display": "flex",
        "flexDirection": "row",
        "overflow": "hidden",
        "rightWithinViewport": true
      },
      "inlineItems": 4,
      "hiddenExternal": [],
      "clipping": {
        "bodyRect": {
          "x": 12,
          "y": 59.625,
          "width": 369,
          "height": 870.09375,
          "top": 59.625,
          "right": 381,
          "bottom": 929.71875,
          "left": 12
        },
        "accRect": {
          "x": 10,
          "y": -123.71875,
          "width": 373,
          "height": 1055.4375,
          "top": -123.71875,
          "right": 383,
          "bottom": 931.71875,
          "left": 10
        }
      }
    },
    "close": {
      "buttonFound": true,
      "scrollAfterClose": 250,
      "restoredToOrigin": true,
      "focusCleared": true,
      "activeOpen": false,
      "activeScrollFree": false
    }
  },
  "iphone-393x852-acc-picolés": {
    "prepared": {
      "targetId": "acc-picolés",
      "opened": true,
      "bodyHeight": 1300,
      "pageHeight": 2080,
      "before": 250,
      "observedAfterOpen": 0,
      "bodyOverflow": "visible",
      "bodyTouchAction": "pan-y",
      "gridColumns": null
    },
    "metrics": {
      "category": "acc-picolés",
      "focus": {
        "bodyClass": "fueap-surface fueap-index cookie-banner-open menu-foco-aberto",
        "htmlClass": "menu-foco-aberto",
        "accClass": "acc menu-foco-ativo open menu-foco-scroll-livre",
        "opened": true
      },
      "page": {
        "scrollHeight": 2080,
        "clientHeight": 852,
        "scrollBefore": 250,
        "scrollAfter": 496,
        "touchDelta": 246,
        "bodyOverflowY": "auto",
        "htmlOverflowY": "auto",
        "bodyTouchAction": "pan-y",
        "htmlTouchAction": "pan-y"
      },
      "drawer": {
        "scrollHeight": 1300,
        "clientHeight": 1300,
        "maxHeight": "none",
        "overflowY": "visible",
        "touchAction": "pan-y",
        "overscrollBehaviorY": "auto"
      },
      "grid": null,
      "card": {
        "width": 160.5,
        "height": 292.96875,
        "display": "flex",
        "flexDirection": "column",
        "overflow": "visible",
        "rightWithinViewport": true
      },
      "inlineItems": 6,
      "hiddenExternal": [],
      "clipping": {
        "bodyRect": {
          "x": 12,
          "y": 29.234375,
          "width": 369,
          "height": 1302.46875,
          "top": 29.234375,
          "right": 381,
          "bottom": 1331.703125,
          "left": 12
        },
        "accRect": {
          "x": 10,
          "y": -123.71875,
          "width": 373,
          "height": 1457.421875,
          "top": -123.71875,
          "right": 383,
          "bottom": 1333.703125,
          "left": 10
        }
      }
    },
    "close": {
      "buttonFound": true,
      "scrollAfterClose": 250,
      "restoredToOrigin": true,
      "focusCleared": true,
      "activeOpen": false,
      "activeScrollFree": false
    }
  },
  "tablet-768x1024-acc-sorvetes": {
    "prepared": {
      "targetId": "acc-sorvetes",
      "opened": true,
      "bodyHeight": 739,
      "pageHeight": 1465,
      "before": 250,
      "observedAfterOpen": 0,
      "bodyOverflow": "visible",
      "bodyTouchAction": "pan-y",
      "gridColumns": "205.328px 205.328px 205.328px"
    },
    "metrics": {
      "category": "acc-sorvetes",
      "focus": {
        "bodyClass": "fueap-surface fueap-index cookie-banner-open menu-foco-aberto",
        "htmlClass": "menu-foco-aberto",
        "accClass": "acc menu-foco-ativo open menu-foco-scroll-livre",
        "opened": true
      },
      "page": {
        "scrollHeight": 1465,
        "clientHeight": 1024,
        "scrollBefore": 250,
        "scrollAfter": 441,
        "touchDelta": 191,
        "bodyOverflowY": "auto",
        "htmlOverflowY": "auto",
        "bodyTouchAction": "pan-y",
        "htmlTouchAction": "pan-y"
      },
      "drawer": {
        "scrollHeight": 739,
        "clientHeight": 739,
        "maxHeight": "none",
        "overflowY": "visible",
        "touchAction": "pan-y",
        "overscrollBehaviorY": "auto"
      },
      "grid": {
        "width": 656,
        "columns": "205.328px 205.328px 205.328px",
        "gap": "12px",
        "itemCount": 4
      },
      "card": {
        "width": 205.328125,
        "height": 216.9375,
        "display": "block",
        "flexDirection": "row",
        "overflow": "hidden",
        "rightWithinViewport": true
      },
      "inlineItems": 4,
      "hiddenExternal": [],
      "clipping": {
        "bodyRect": {
          "x": 38,
          "y": -27.109375,
          "width": 692,
          "height": 741.46875,
          "top": -27.109375,
          "right": 730,
          "bottom": 714.359375,
          "left": 38
        },
        "accRect": {
          "x": 36,
          "y": -130.40625,
          "width": 696,
          "height": 846.765625,
          "top": -130.40625,
          "right": 732,
          "bottom": 716.359375,
          "left": 36
        }
      }
    },
    "close": {
      "buttonFound": true,
      "scrollAfterClose": 250,
      "restoredToOrigin": true,
      "focusCleared": true,
      "activeOpen": false,
      "activeScrollFree": false
    }
  },
  "tablet-768x1024-acc-picolés": {
    "prepared": {
      "targetId": "acc-picolés",
      "opened": true,
      "bodyHeight": 869,
      "pageHeight": 1595,
      "before": 250,
      "observedAfterOpen": 0,
      "bodyOverflow": "visible",
      "bodyTouchAction": "pan-y",
      "gridColumns": null
    },
    "metrics": {
      "category": "acc-picolés",
      "focus": {
        "bodyClass": "fueap-surface fueap-index cookie-banner-open menu-foco-aberto",
        "htmlClass": "menu-foco-aberto",
        "accClass": "acc menu-foco-ativo open menu-foco-scroll-livre",
        "opened": true
      },
      "page": {
        "scrollHeight": 1595,
        "clientHeight": 1024,
        "scrollBefore": 250,
        "scrollAfter": 571,
        "touchDelta": 321,
        "bodyOverflowY": "auto",
        "htmlOverflowY": "auto",
        "bodyTouchAction": "pan-y",
        "htmlTouchAction": "pan-y"
      },
      "drawer": {
        "scrollHeight": 869,
        "clientHeight": 869,
        "maxHeight": "none",
        "overflowY": "visible",
        "touchAction": "pan-y",
        "overscrollBehaviorY": "auto"
      },
      "grid": null,
      "card": {
        "width": 210.65625,
        "height": 260.328125,
        "display": "flex",
        "flexDirection": "column",
        "overflow": "visible",
        "rightWithinViewport": true
      },
      "inlineItems": 6,
      "hiddenExternal": [],
      "clipping": {
        "bodyRect": {
          "x": 38,
          "y": -157.109375,
          "width": 692,
          "height": 870.640625,
          "top": -157.109375,
          "right": 730,
          "bottom": 713.53125,
          "left": 38
        },
        "accRect": {
          "x": 36,
          "y": -260.40625,
          "width": 696,
          "height": 975.9375,
          "top": -260.40625,
          "right": 732,
          "bottom": 715.53125,
          "left": 36
        }
      }
    },
    "close": {
      "buttonFound": true,
      "scrollAfterClose": 250,
      "restoredToOrigin": true,
      "focusCleared": true,
      "activeOpen": false,
      "activeScrollFree": false
    }
  },
  "pc-1366x768-acc-sorvetes": {
    "prepared": {
      "targetId": "acc-sorvetes",
      "opened": true,
      "bodyHeight": 511,
      "pageHeight": 1216,
      "before": 250,
      "observedAfterOpen": 0,
      "bodyOverflow": "visible",
      "bodyTouchAction": "pan-y",
      "gridColumns": "222.25px 222.25px 222.25px 222.25px"
    },
    "metrics": {
      "category": "acc-sorvetes",
      "focus": {
        "bodyClass": "fueap-surface fueap-index cookie-banner-open menu-foco-aberto",
        "htmlClass": "menu-foco-aberto",
        "accClass": "acc menu-foco-ativo open menu-foco-scroll-livre",
        "opened": true
      },
      "page": {
        "scrollHeight": 1216,
        "clientHeight": 768,
        "scrollBefore": 250,
        "scrollAfter": 446,
        "touchDelta": 196,
        "bodyOverflowY": "auto",
        "htmlOverflowY": "auto",
        "bodyTouchAction": "pan-y",
        "htmlTouchAction": "pan-y"
      },
      "drawer": {
        "scrollHeight": 511,
        "clientHeight": 511,
        "maxHeight": "none",
        "overflowY": "visible",
        "touchAction": "pan-y",
        "overscrollBehaviorY": "auto"
      },
      "grid": {
        "width": 980,
        "columns": "222.25px 222.25px 222.25px 222.25px",
        "gap": "25px",
        "itemCount": 4
      },
      "card": {
        "width": 222.25,
        "height": 216.9375,
        "display": "block",
        "flexDirection": "row",
        "overflow": "hidden",
        "rightWithinViewport": true
      },
      "inlineItems": 4,
      "hiddenExternal": [],
      "clipping": {
        "bodyRect": {
          "x": 167.5,
          "y": 21.1875,
          "width": 1016,
          "height": 512.53125,
          "top": 21.1875,
          "right": 1183.5,
          "bottom": 533.71875,
          "left": 167.5
        },
        "accRect": {
          "x": 165.5,
          "y": -99.40625,
          "width": 1020,
          "height": 635.125,
          "top": -99.40625,
          "right": 1185.5,
          "bottom": 535.71875,
          "left": 165.5
        }
      }
    },
    "close": {
      "buttonFound": true,
      "scrollAfterClose": 250,
      "restoredToOrigin": true,
      "focusCleared": true,
      "activeOpen": false,
      "activeScrollFree": false
    }
  },
  "pc-1366x768-acc-picolés": {
    "prepared": {
      "targetId": "acc-picolés",
      "opened": true,
      "bodyHeight": 844,
      "pageHeight": 1549,
      "before": 250,
      "observedAfterOpen": 0,
      "bodyOverflow": "visible",
      "bodyTouchAction": "pan-y",
      "gridColumns": null
    },
    "metrics": {
      "category": "acc-picolés",
      "focus": {
        "bodyClass": "fueap-surface fueap-index cookie-banner-open menu-foco-aberto",
        "htmlClass": "menu-foco-aberto",
        "accClass": "acc menu-foco-ativo open menu-foco-scroll-livre",
        "opened": true
      },
      "page": {
        "scrollHeight": 1549,
        "clientHeight": 768,
        "scrollBefore": 250,
        "scrollAfter": 446,
        "touchDelta": 196,
        "bodyOverflowY": "auto",
        "htmlOverflowY": "auto",
        "bodyTouchAction": "pan-y",
        "htmlTouchAction": "pan-y"
      },
      "drawer": {
        "scrollHeight": 844,
        "clientHeight": 844,
        "maxHeight": "none",
        "overflowY": "visible",
        "touchAction": "pan-y",
        "overscrollBehaviorY": "auto"
      },
      "grid": null,
      "card": {
        "width": 186.390625,
        "height": 260.328125,
        "display": "flex",
        "flexDirection": "column",
        "overflow": "visible",
        "rightWithinViewport": true
      },
      "inlineItems": 6,
      "hiddenExternal": [],
      "clipping": {
        "bodyRect": {
          "x": 167.5,
          "y": 21.1875,
          "width": 1016,
          "height": 846.0625,
          "top": 21.1875,
          "right": 1183.5,
          "bottom": 867.25,
          "left": 167.5
        },
        "accRect": {
          "x": 165.5,
          "y": -99.40625,
          "width": 1020,
          "height": 968.65625,
          "top": -99.40625,
          "right": 1185.5,
          "bottom": 869.25,
          "left": 165.5
        }
      }
    },
    "close": {
      "buttonFound": true,
      "scrollAfterClose": 250,
      "restoredToOrigin": true,
      "focusCleared": true,
      "activeOpen": false,
      "activeScrollFree": false
    }
  }
}
