{
  "android-360x800-acc-sorvetes": {
    "prepared": {
      "targetId": "acc-sorvetes",
      "opened": true,
      "bodyHeight": 913,
      "pageHeight": 1411,
      "before": 0,
      "bodyOverflow": "visible",
      "bodyTouchAction": "pan-y",
      "gridColumns": "300px"
    },
    "metrics": {
      "category": "acc-sorvetes",
      "focus": {
        "bodyClass": "fueap-surface fueap-index cookie-banner-open menu-foco-aberto",
        "htmlClass": "menu-foco-aberto",
        "accClass": "acc menu-foco-ativo open",
        "opened": true
      },
      "page": {
        "scrollHeight": 1411,
        "clientHeight": 800,
        "scrollBefore": 0,
        "scrollAfter": 465,
        "touchDelta": 465,
        "bodyOverflowY": "auto",
        "htmlOverflowY": "auto",
        "bodyTouchAction": "auto",
        "htmlTouchAction": "auto"
      },
      "drawer": {
        "scrollHeight": 913,
        "clientHeight": 913,
        "maxHeight": "9999px",
        "overflowY": "visible",
        "touchAction": "pan-y",
        "overscrollBehaviorY": "auto"
      },
      "grid": {
        "width": 300,
        "columns": "300px",
        "gap": "12px",
        "itemCount": 4
      },
      "card": {
        "width": 300,
        "height": 136.515625,
        "display": "flex",
        "flexDirection": "row",
        "overflow": "hidden",
        "rightWithinViewport": true
      },
      "inlineItems": 4,
      "hiddenExternal": [],
      "clipping": {
        "bodyRect": {
          "x": 12,
          "y": -220.65625,
          "width": 336,
          "height": 914.546875,
          "top": -220.65625,
          "right": 348,
          "bottom": 693.890625,
          "left": 12
        },
        "accRect": {
          "x": 10,
          "y": -404,
          "width": 340,
          "height": 1099.890625,
          "top": -404,
          "right": 350,
          "bottom": 695.890625,
          "left": 10
        }
      }
    }
  },
  "android-360x800-acc-picolés": {
    "prepared": {
      "targetId": "acc-picolés",
      "opened": true,
      "bodyHeight": 1662,
      "pageHeight": 2129,
      "before": 0,
      "bodyOverflow": "visible",
      "bodyTouchAction": "pan-y",
      "gridColumns": null
    },
    "metrics": {
      "category": "acc-picolés",
      "focus": {
        "bodyClass": "fueap-surface fueap-index cookie-banner-open menu-foco-aberto",
        "htmlClass": "menu-foco-aberto",
        "accClass": "acc menu-foco-ativo open",
        "opened": true
      },
      "page": {
        "scrollHeight": 2129,
        "clientHeight": 800,
        "scrollBefore": 0,
        "scrollAfter": 465,
        "touchDelta": 465,
        "bodyOverflowY": "auto",
        "htmlOverflowY": "auto",
        "bodyTouchAction": "auto",
        "htmlTouchAction": "auto"
      },
      "drawer": {
        "scrollHeight": 1662,
        "clientHeight": 1662,
        "maxHeight": "9999px",
        "overflowY": "visible",
        "touchAction": "pan-y",
        "overscrollBehaviorY": "auto"
      },
      "grid": null,
      "card": {
        "width": 300,
        "height": 207.59375,
        "display": "flex",
        "flexDirection": "column",
        "overflow": "visible",
        "rightWithinViewport": true
      },
      "inlineItems": 6,
      "hiddenExternal": [],
      "clipping": {
        "bodyRect": {
          "x": 12,
          "y": -251.046875,
          "width": 336,
          "height": 1663.53125,
          "top": -251.046875,
          "right": 348,
          "bottom": 1412.484375,
          "left": 12
        },
        "accRect": {
          "x": 10,
          "y": -404,
          "width": 340,
          "height": 1818.484375,
          "top": -404,
          "right": 350,
          "bottom": 1414.484375,
          "left": 10
        }
      }
    }
  },
  "android-390x844-acc-sorvetes": {
    "prepared": {
      "targetId": "acc-sorvetes",
      "opened": true,
      "bodyHeight": 837,
      "pageHeight": 1335,
      "before": 0,
      "bodyOverflow": "visible",
      "bodyTouchAction": "pan-y",
      "gridColumns": "330px"
    },
    "metrics": {
      "category": "acc-sorvetes",
      "focus": {
        "bodyClass": "fueap-surface fueap-index cookie-banner-open menu-foco-aberto",
        "htmlClass": "menu-foco-aberto",
        "accClass": "acc menu-foco-ativo open",
        "opened": true
      },
      "page": {
        "scrollHeight": 1335,
        "clientHeight": 844,
        "scrollBefore": 0,
        "scrollAfter": 491,
        "touchDelta": 491,
        "bodyOverflowY": "auto",
        "htmlOverflowY": "auto",
        "bodyTouchAction": "auto",
        "htmlTouchAction": "auto"
      },
      "drawer": {
        "scrollHeight": 837,
        "clientHeight": 837,
        "maxHeight": "9999px",
        "overflowY": "visible",
        "touchAction": "pan-y",
        "overscrollBehaviorY": "auto"
      },
      "grid": {
        "width": 330,
        "columns": "330px",
        "gap": "12px",
        "itemCount": 4
      },
      "card": {
        "width": 330,
        "height": 108,
        "display": "flex",
        "flexDirection": "row",
        "overflow": "hidden",
        "rightWithinViewport": true
      },
      "inlineItems": 4,
      "hiddenExternal": [],
      "clipping": {
        "bodyRect": {
          "x": 12,
          "y": -246.65625,
          "width": 366,
          "height": 838.625,
          "top": -246.65625,
          "right": 378,
          "bottom": 591.96875,
          "left": 12
        },
        "accRect": {
          "x": 10,
          "y": -430,
          "width": 370,
          "height": 1023.96875,
          "top": -430,
          "right": 380,
          "bottom": 593.96875,
          "left": 10
        }
      }
    }
  },
  "android-390x844-acc-picolés": {
    "prepared": {
      "targetId": "acc-picolés",
      "opened": true,
      "bodyHeight": 1662,
      "pageHeight": 2129,
      "before": 0,
      "bodyOverflow": "visible",
      "bodyTouchAction": "pan-y",
      "gridColumns": null
    },
    "metrics": {
      "category": "acc-picolés",
      "focus": {
        "bodyClass": "fueap-surface fueap-index cookie-banner-open menu-foco-aberto",
        "htmlClass": "menu-foco-aberto",
        "accClass": "acc menu-foco-ativo open",
        "opened": true
      },
      "page": {
        "scrollHeight": 2129,
        "clientHeight": 844,
        "scrollBefore": 0,
        "scrollAfter": 492,
        "touchDelta": 492,
        "bodyOverflowY": "auto",
        "htmlOverflowY": "auto",
        "bodyTouchAction": "auto",
        "htmlTouchAction": "auto"
      },
      "drawer": {
        "scrollHeight": 1662,
        "clientHeight": 1662,
        "maxHeight": "9999px",
        "overflowY": "visible",
        "touchAction": "pan-y",
        "overscrollBehaviorY": "auto"
      },
      "grid": null,
      "card": {
        "width": 330,
        "height": 207.59375,
        "display": "flex",
        "flexDirection": "column",
        "overflow": "visible",
        "rightWithinViewport": true
      },
      "inlineItems": 6,
      "hiddenExternal": [],
      "clipping": {
        "bodyRect": {
          "x": 12,
          "y": -278.046875,
          "width": 366,
          "height": 1663.53125,
          "top": -278.046875,
          "right": 378,
          "bottom": 1385.484375,
          "left": 12
        },
        "accRect": {
          "x": 10,
          "y": -431,
          "width": 370,
          "height": 1818.484375,
          "top": -431,
          "right": 380,
          "bottom": 1387.484375,
          "left": 10
        }
      }
    }
  },
  "iphone-375x812-acc-sorvetes": {
    "prepared": {
      "targetId": "acc-sorvetes",
      "opened": true,
      "bodyHeight": 913,
      "pageHeight": 1411,
      "before": 0,
      "bodyOverflow": "visible",
      "bodyTouchAction": "pan-y",
      "gridColumns": "315px"
    },
    "metrics": {
      "category": "acc-sorvetes",
      "focus": {
        "bodyClass": "fueap-surface fueap-index cookie-banner-open menu-foco-aberto",
        "htmlClass": "menu-foco-aberto",
        "accClass": "acc menu-foco-ativo open",
        "opened": true
      },
      "page": {
        "scrollHeight": 1411,
        "clientHeight": 812,
        "scrollBefore": 0,
        "scrollAfter": 472,
        "touchDelta": 472,
        "bodyOverflowY": "auto",
        "htmlOverflowY": "auto",
        "bodyTouchAction": "auto",
        "htmlTouchAction": "auto"
      },
      "drawer": {
        "scrollHeight": 913,
        "clientHeight": 913,
        "maxHeight": "9999px",
        "overflowY": "visible",
        "touchAction": "pan-y",
        "overscrollBehaviorY": "auto"
      },
      "grid": {
        "width": 315,
        "columns": "315px",
        "gap": "12px",
        "itemCount": 4
      },
      "card": {
        "width": 315,
        "height": 136.515625,
        "display": "flex",
        "flexDirection": "row",
        "overflow": "hidden",
        "rightWithinViewport": true
      },
      "inlineItems": 4,
      "hiddenExternal": [],
      "clipping": {
        "bodyRect": {
          "x": 12,
          "y": -227.65625,
          "width": 351,
          "height": 914.546875,
          "top": -227.65625,
          "right": 363,
          "bottom": 686.890625,
          "left": 12
        },
        "accRect": {
          "x": 10,
          "y": -411,
          "width": 355,
          "height": 1099.890625,
          "top": -411,
          "right": 365,
          "bottom": 688.890625,
          "left": 10
        }
      }
    }
  },
  "iphone-375x812-acc-picolés": {
    "prepared": {
      "targetId": "acc-picolés",
      "opened": true,
      "bodyHeight": 1662,
      "pageHeight": 2129,
      "before": 0,
      "bodyOverflow": "visible",
      "bodyTouchAction": "pan-y",
      "gridColumns": null
    },
    "metrics": {
      "category": "acc-picolés",
      "focus": {
        "bodyClass": "fueap-surface fueap-index cookie-banner-open menu-foco-aberto",
        "htmlClass": "menu-foco-aberto",
        "accClass": "acc menu-foco-ativo open",
        "opened": true
      },
      "page": {
        "scrollHeight": 2129,
        "clientHeight": 812,
        "scrollBefore": 0,
        "scrollAfter": 472,
        "touchDelta": 472,
        "bodyOverflowY": "auto",
        "htmlOverflowY": "auto",
        "bodyTouchAction": "auto",
        "htmlTouchAction": "auto"
      },
      "drawer": {
        "scrollHeight": 1662,
        "clientHeight": 1662,
        "maxHeight": "9999px",
        "overflowY": "visible",
        "touchAction": "pan-y",
        "overscrollBehaviorY": "auto"
      },
      "grid": null,
      "card": {
        "width": 315,
        "height": 207.59375,
        "display": "flex",
        "flexDirection": "column",
        "overflow": "visible",
        "rightWithinViewport": true
      },
      "inlineItems": 6,
      "hiddenExternal": [],
      "clipping": {
        "bodyRect": {
          "x": 12,
          "y": -258.046875,
          "width": 351,
          "height": 1663.53125,
          "top": -258.046875,
          "right": 363,
          "bottom": 1405.484375,
          "left": 12
        },
        "accRect": {
          "x": 10,
          "y": -411,
          "width": 355,
          "height": 1818.484375,
          "top": -411,
          "right": 365,
          "bottom": 1407.484375,
          "left": 10
        }
      }
    }
  },
  "iphone-393x852-acc-sorvetes": {
    "prepared": {
      "targetId": "acc-sorvetes",
      "opened": true,
      "bodyHeight": 780,
      "pageHeight": 1278,
      "before": 0,
      "bodyOverflow": "visible",
      "bodyTouchAction": "pan-y",
      "gridColumns": "333px"
    },
    "metrics": {
      "category": "acc-sorvetes",
      "focus": {
        "bodyClass": "fueap-surface fueap-index cookie-banner-open menu-foco-aberto",
        "htmlClass": "menu-foco-aberto",
        "accClass": "acc menu-foco-ativo open",
        "opened": true
      },
      "page": {
        "scrollHeight": 1278,
        "clientHeight": 852,
        "scrollBefore": 0,
        "scrollAfter": 426,
        "touchDelta": 426,
        "bodyOverflowY": "auto",
        "htmlOverflowY": "auto",
        "bodyTouchAction": "auto",
        "htmlTouchAction": "auto"
      },
      "drawer": {
        "scrollHeight": 780,
        "clientHeight": 780,
        "maxHeight": "9999px",
        "overflowY": "visible",
        "touchAction": "pan-y",
        "overscrollBehaviorY": "auto"
      },
      "grid": {
        "width": 333,
        "columns": "333px",
        "gap": "12px",
        "itemCount": 4
      },
      "card": {
        "width": 333,
        "height": 108,
        "display": "flex",
        "flexDirection": "row",
        "overflow": "hidden",
        "rightWithinViewport": true
      },
      "inlineItems": 4,
      "hiddenExternal": [],
      "clipping": {
        "bodyRect": {
          "x": 12,
          "y": -181.65625,
          "width": 369,
          "height": 781.59375,
          "top": -181.65625,
          "right": 381,
          "bottom": 599.9375,
          "left": 12
        },
        "accRect": {
          "x": 10,
          "y": -365,
          "width": 373,
          "height": 966.9375,
          "top": -365,
          "right": 383,
          "bottom": 601.9375,
          "left": 10
        }
      }
    }
  },
  "iphone-393x852-acc-picolés": {
    "prepared": {
      "targetId": "acc-picolés",
      "opened": true,
      "bodyHeight": 1148,
      "pageHeight": 1616,
      "before": 0,
      "bodyOverflow": "visible",
      "bodyTouchAction": "pan-y",
      "gridColumns": null
    },
    "metrics": {
      "category": "acc-picolés",
      "focus": {
        "bodyClass": "fueap-surface fueap-index cookie-banner-open menu-foco-aberto",
        "htmlClass": "menu-foco-aberto",
        "accClass": "acc menu-foco-ativo open",
        "opened": true
      },
      "page": {
        "scrollHeight": 1616,
        "clientHeight": 852,
        "scrollBefore": 0,
        "scrollAfter": 496,
        "touchDelta": 496,
        "bodyOverflowY": "auto",
        "htmlOverflowY": "auto",
        "bodyTouchAction": "auto",
        "htmlTouchAction": "auto"
      },
      "drawer": {
        "scrollHeight": 1148,
        "clientHeight": 1148,
        "maxHeight": "9999px",
        "overflowY": "visible",
        "touchAction": "pan-y",
        "overscrollBehaviorY": "auto"
      },
      "grid": null,
      "card": {
        "width": 160.5,
        "height": 252.546875,
        "display": "flex",
        "flexDirection": "column",
        "overflow": "visible",
        "rightWithinViewport": true
      },
      "inlineItems": 6,
      "hiddenExternal": [],
      "clipping": {
        "bodyRect": {
          "x": 12,
          "y": -282.046875,
          "width": 369,
          "height": 1150.421875,
          "top": -282.046875,
          "right": 381,
          "bottom": 868.375,
          "left": 12
        },
        "accRect": {
          "x": 10,
          "y": -435,
          "width": 373,
          "height": 1305.375,
          "top": -435,
          "right": 383,
          "bottom": 870.375,
          "left": 10
        }
      }
    }
  },
  "tablet-768x1024-acc-sorvetes": {
    "prepared": {
      "targetId": "acc-sorvetes",
      "opened": true,
      "bodyHeight": 658,
      "pageHeight": 1155,
      "before": 0,
      "bodyOverflow": "visible",
      "bodyTouchAction": "pan-y",
      "gridColumns": "205.328px 205.328px 205.328px"
    },
    "metrics": {
      "category": "acc-sorvetes",
      "focus": {
        "bodyClass": "fueap-surface fueap-index cookie-banner-open menu-foco-aberto",
        "htmlClass": "menu-foco-aberto",
        "accClass": "acc menu-foco-ativo open",
        "opened": true
      },
      "page": {
        "scrollHeight": 1155,
        "clientHeight": 1024,
        "scrollBefore": 0,
        "scrollAfter": 131,
        "touchDelta": 131,
        "bodyOverflowY": "auto",
        "htmlOverflowY": "auto",
        "bodyTouchAction": "auto",
        "htmlTouchAction": "auto"
      },
      "drawer": {
        "scrollHeight": 658,
        "clientHeight": 658,
        "maxHeight": "9999px",
        "overflowY": "visible",
        "touchAction": "pan-y",
        "overscrollBehaviorY": "auto"
      },
      "grid": {
        "width": 656,
        "columns": "205.328px 205.328px 205.328px",
        "gap": "12px",
        "itemCount": 4
      },
      "card": {
        "width": 205.328125,
        "height": 176.375,
        "display": "block",
        "flexDirection": "row",
        "overflow": "hidden",
        "rightWithinViewport": true
      },
      "inlineItems": 4,
      "hiddenExternal": [],
      "clipping": {
        "bodyRect": {
          "x": 38,
          "y": 53.296875,
          "width": 692,
          "height": 660.34375,
          "top": 53.296875,
          "right": 730,
          "bottom": 713.640625,
          "left": 38
        },
        "accRect": {
          "x": 36,
          "y": -50,
          "width": 696,
          "height": 765.640625,
          "top": -50,
          "right": 732,
          "bottom": 715.640625,
          "left": 36
        }
      }
    }
  },
  "tablet-768x1024-acc-picolés": {
    "prepared": {
      "targetId": "acc-picolés",
      "opened": true,
      "bodyHeight": 780,
      "pageHeight": 1276,
      "before": 0,
      "bodyOverflow": "visible",
      "bodyTouchAction": "pan-y",
      "gridColumns": null
    },
    "metrics": {
      "category": "acc-picolés",
      "focus": {
        "bodyClass": "fueap-surface fueap-index cookie-banner-open menu-foco-aberto",
        "htmlClass": "menu-foco-aberto",
        "accClass": "acc menu-foco-ativo open",
        "opened": true
      },
      "page": {
        "scrollHeight": 1276,
        "clientHeight": 1024,
        "scrollBefore": 0,
        "scrollAfter": 252,
        "touchDelta": 252,
        "bodyOverflowY": "auto",
        "htmlOverflowY": "auto",
        "bodyTouchAction": "auto",
        "htmlTouchAction": "auto"
      },
      "drawer": {
        "scrollHeight": 780,
        "clientHeight": 780,
        "maxHeight": "9999px",
        "overflowY": "visible",
        "touchAction": "pan-y",
        "overscrollBehaviorY": "auto"
      },
      "grid": null,
      "card": {
        "width": 210.65625,
        "height": 215.765625,
        "display": "flex",
        "flexDirection": "column",
        "overflow": "visible",
        "rightWithinViewport": true
      },
      "inlineItems": 6,
      "hiddenExternal": [],
      "clipping": {
        "bodyRect": {
          "x": 38,
          "y": -67.703125,
          "width": 692,
          "height": 781.515625,
          "top": -67.703125,
          "right": 730,
          "bottom": 713.8125,
          "left": 38
        },
        "accRect": {
          "x": 36,
          "y": -171,
          "width": 696,
          "height": 886.8125,
          "top": -171,
          "right": 732,
          "bottom": 715.8125,
          "left": 36
        }
      }
    }
  },
  "pc-1366x768-acc-sorvetes": {
    "prepared": {
      "targetId": "acc-sorvetes",
      "opened": true,
      "bodyHeight": 470,
      "pageHeight": 946,
      "before": 0,
      "bodyOverflow": "visible",
      "bodyTouchAction": "pan-y",
      "gridColumns": "222.25px 222.25px 222.25px 222.25px"
    },
    "metrics": {
      "category": "acc-sorvetes",
      "focus": {
        "bodyClass": "fueap-surface fueap-index cookie-banner-open menu-foco-aberto",
        "htmlClass": "menu-foco-aberto",
        "accClass": "acc menu-foco-ativo open",
        "opened": true
      },
      "page": {
        "scrollHeight": 946,
        "clientHeight": 768,
        "scrollBefore": 0,
        "scrollAfter": 178,
        "touchDelta": 178,
        "bodyOverflowY": "auto",
        "htmlOverflowY": "auto",
        "bodyTouchAction": "auto",
        "htmlTouchAction": "auto"
      },
      "drawer": {
        "scrollHeight": 470,
        "clientHeight": 470,
        "maxHeight": "9999px",
        "overflowY": "visible",
        "touchAction": "pan-y",
        "overscrollBehaviorY": "auto"
      },
      "grid": {
        "width": 980,
        "columns": "222.25px 222.25px 222.25px 222.25px",
        "gap": "25px",
        "itemCount": 4
      },
      "card": {
        "width": 222.25,
        "height": 176.375,
        "display": "block",
        "flexDirection": "row",
        "overflow": "hidden",
        "rightWithinViewport": true
      },
      "inlineItems": 4,
      "hiddenExternal": [],
      "clipping": {
        "bodyRect": {
          "x": 167.5,
          "y": 59.59375,
          "width": 1016,
          "height": 471.96875,
          "top": 59.59375,
          "right": 1183.5,
          "bottom": 531.5625,
          "left": 167.5
        },
        "accRect": {
          "x": 165.5,
          "y": -61,
          "width": 1020,
          "height": 594.5625,
          "top": -61,
          "right": 1185.5,
          "bottom": 533.5625,
          "left": 165.5
        }
      }
    }
  },
  "pc-1366x768-acc-picolés": {
    "prepared": {
      "targetId": "acc-picolés",
      "opened": true,
      "bodyHeight": 755,
      "pageHeight": 1230,
      "before": 0,
      "bodyOverflow": "visible",
      "bodyTouchAction": "pan-y",
      "gridColumns": null
    },
    "metrics": {
      "category": "acc-picolés",
      "focus": {
        "bodyClass": "fueap-surface fueap-index cookie-banner-open menu-foco-aberto",
        "htmlClass": "menu-foco-aberto",
        "accClass": "acc menu-foco-ativo open",
        "opened": true
      },
      "page": {
        "scrollHeight": 1230,
        "clientHeight": 768,
        "scrollBefore": 0,
        "scrollAfter": 446,
        "touchDelta": 446,
        "bodyOverflowY": "auto",
        "htmlOverflowY": "auto",
        "bodyTouchAction": "auto",
        "htmlTouchAction": "auto"
      },
      "drawer": {
        "scrollHeight": 755,
        "clientHeight": 755,
        "maxHeight": "9999px",
        "overflowY": "visible",
        "touchAction": "pan-y",
        "overscrollBehaviorY": "auto"
      },
      "grid": null,
      "card": {
        "width": 186.390625,
        "height": 231.15625,
        "display": "flex",
        "flexDirection": "column",
        "overflow": "visible",
        "rightWithinViewport": true
      },
      "inlineItems": 6,
      "hiddenExternal": [],
      "clipping": {
        "bodyRect": {
          "x": 167.5,
          "y": -208.40625,
          "width": 1016,
          "height": 756.734375,
          "top": -208.40625,
          "right": 1183.5,
          "bottom": 548.328125,
          "left": 167.5
        },
        "accRect": {
          "x": 165.5,
          "y": -329,
          "width": 1020,
          "height": 879.328125,
          "top": -329,
          "right": 1185.5,
          "bottom": 550.328125,
          "left": 165.5
        }
      }
    }
  }
}
