===== testar-caixas-grandes-observacoes.mjs =====
{
  "cards": [
    {
      "sku": "CAX-5L_2S",
      "text": "01Caixa 5 Litros - 2 SaboresEscolha 2 sabores de sorveteSKU: CAX-5L_2S · Embalagem EMB-5L incluídaR$ 100,00Ver horário de retirada"
    },
    {
      "sku": "CAX-5L_3S",
      "text": "02Caixa 5 Litros - 3 SaboresEscolha 3 sabores de sorveteSKU: CAX-5L_3S · Embalagem EMB-5L incluídaR$ 115,00Ver horário de retirada"
    },
    {
      "sku": "CAX-10L_2S",
      "text": "03Caixa 10 Litros - 2 SaboresEscolha 2 sabores de sorveteSKU: CAX-10L_2S · Embalagem EMB-10L incluídaR$ 150,00Ver horário de retirada"
    },
    {
      "sku": "CAX-10L_3S",
      "text": "04Caixa 10 Litros - 3 SaboresEscolha 3 sabores de sorveteSKU: CAX-10L_3S · Embalagem EMB-10L incluídaR$ 165,00Ver horário de retirada"
    }
  ],
  "allCardsPresent": true,
  "twoFlavors": {
    "title": "Escolha os sabores",
    "selected": 0,
    "confirmEnabled": false,
    "subtitle": ""
  },
  "threeFlavors": {
    "title": "Escolha os sabores",
    "selected": 0,
    "confirmEnabled": false,
    "subtitle": ""
  },
  "cartHasFiveLiterSku": false,
  "cartHasTenLiterSku": false,
  "includedPackaging": false,
  "notesPlaceholder": "Ex.: Procuro o sabor morango trufado, que não aparece na lista.",
  "notesHelp": "Observações sobre sabores (opcional)Se o sabor que procura não estiver na lista, escreva aqui. A sorveteria confirma a disponibilidade por ligação antes de preparar.",
  "whatsappOpened": false,
  "orderSent": false
}
EXIT=0
===== testar-consulta-encomenda-48h.mjs =====
{
  "retiradaAberta": true,
  "consultTrigger": {
    "exists": true,
    "label": "Escolher sabores",
    "disabled": false
  },
  "orderTrigger": {
    "exists": true,
    "label": "Escolher sabores",
    "disabled": false
  },
  "boxConsult": {
    "dialogOpened": true,
    "opensWhatsApp": true,
    "dialogClosed": true,
    "cartEmpty": true
  },
  "order": {
    "dialogStayedOpen": true,
    "cartContainsBox": true,
    "dateVisible": true,
    "minDate": "2026-08-24",
    "whatsappOpened": false
  },
  "ok": true
}
EXIT=0
===== testar-destinos-clicaveis-publicos.mjs =====
{
  "totalControls": 494,
  "controlsWithHref": 243,
  "internalDestinations": 122,
  "failedDestinations": 0,
  "reportPath": "/home/ubuntu/itapolitanacajuru-source/alteracoes/2026-08-21-cardapio-acai-link/resultado-destinos-clicaveis-publicos.json"
}
EXIT=0
===== testar-disponibilidade-unica.mjs =====
{
  "aprovado": true,
  "skus_vendaveis": 199,
  "sabores_massa": 38,
  "embalagens": [
    "EMB-5L",
    "EMB-10L",
    "EMB-7B",
    "EMB-9B",
    "EMB-12B",
    "EMB-VIAGEM"
  ],
  "cenarios": [
    "embalagem 5 L bloqueia caixas 5 L",
    "sabor MAS-001 bloqueia somente o sabor",
    "SKU de açaí bloqueia somente o copo fechado"
  ]
}
EXIT=0
===== testar-formulario-guiado-ddd16.mjs =====
{
  "states": [
    {
      "label": "inicial",
      "locked": [
        {
          "step": "1",
          "locked": false,
          "complete": false
        },
        {
          "step": "2",
          "locked": true,
          "complete": false
        },
        {
          "step": "3",
          "locked": true,
          "complete": false
        },
        {
          "step": "4",
          "locked": true,
          "complete": false
        },
        {
          "step": "5",
          "locked": true,
          "complete": false
        }
      ],
      "submitDisabled": true,
      "submitText": "Preencha as etapas para liberar o envio",
      "phone": ""
    },
    {
      "label": "identificacao",
      "locked": [
        {
          "step": "1",
          "locked": false,
          "complete": true
        },
        {
          "step": "2",
          "locked": false,
          "complete": false
        },
        {
          "step": "3",
          "locked": true,
          "complete": false
        },
        {
          "step": "4",
          "locked": true,
          "complete": false
        },
        {
          "step": "5",
          "locked": true,
          "complete": false
        }
      ],
      "submitDisabled": true,
      "submitText": "Preencha as etapas para liberar o envio",
      "phone": "99999-1234"
    },
    {
      "label": "retirada",
      "locked": [
        {
          "step": "1",
          "locked": false,
          "complete": true
        },
        {
          "step": "2",
          "locked": false,
          "complete": false
        },
        {
          "step": "3",
          "locked": true,
          "complete": false
        },
        {
          "step": "4",
          "locked": true,
          "complete": false
        },
        {
          "step": "5",
          "locked": true,
          "complete": false
        }
      ],
      "submitDisabled": true,
      "submitText": "Preencha as etapas para liberar o envio",
      "phone": "99999-1234"
    },
    {
      "label": "pagamento",
      "locked": [
        {
          "step": "1",
          "locked": false,
          "complete": true
        },
        {
          "step": "2",
          "locked": false,
          "complete": false
        },
        {
          "step": "3",
          "locked": true,
          "complete": false
        },
        {
          "step": "4",
          "locked": true,
          "complete": false
        },
        {
          "step": "5",
          "locked": true,
          "complete": false
        }
      ],
      "submitDisabled": true,
      "submitText": "Preencha as etapas para liberar o envio",
      "phone": "99999-1234"
    },
    {
      "label": "observacoes",
      "locked": [
        {
          "step": "1",
          "locked": false,
          "complete": true
        },
        {
          "step": "2",
          "locked": false,
          "complete": false
        },
        {
          "step": "3",
          "locked": true,
          "complete": false
        },
        {
          "step": "4",
          "locked": true,
          "complete": false
        },
        {
          "step": "5",
          "locked": true,
          "complete": false
        }
      ],
      "submitDisabled": true,
      "submitText": "Preencha as etapas para liberar o envio",
      "phone": "99999-1234"
    },
    {
      "label": "aceite",
      "locked": [
        {
          "step": "1",
          "locked": false,
          "complete": true
        },
        {
          "step": "2",
          "locked": false,
          "complete": false
        },
        {
          "step": "3",
          "locked": true,
          "complete": false
        },
        {
          "step": "4",
          "locked": true,
          "complete": false
        },
        {
          "step": "5",
          "locked": true,
          "complete": false
        }
      ],
      "submitDisabled": true,
      "submitText": "Preencha as etapas para liberar o envio",
      "phone": "99999-1234"
    }
  ],
  "message": {
    "intercepted": false,
    "containsDdd16": false,
    "containsPresential": false,
    "containsAcceptance": false,
    "containsPix": false,
    "containsCnpj": false
  },
  "whatsappAberto": false,
  "pagamentoEfetuado": false
}
EXIT=0
===== testar-formulario-guiado-desktop.mjs =====
{
  "viewport": "1280x900",
  "productAdded": false,
  "steps": [
    {
      "label": "inicial",
      "locked": [
        false,
        true,
        true,
        true,
        true
      ],
      "submitDisabled": false
    },
    {
      "label": "final",
      "locked": [
        false,
        false,
        true,
        true,
        true
      ],
      "submitDisabled": true
    }
  ],
  "submitReady": false,
  "phonePrefix": "(16)",
  "requestIntercepted": false,
  "paymentPresential": false,
  "whatsappOpened": false
}
EXIT=0
===== testar-horario-pagamento-presencial.mjs =====
{
  "invalid": {
    "value": "11:00",
    "min": "20:00",
    "invalid": "true",
    "message": "Pelo horário de Brasília, escolha a partir de 20:30. A retirada exige no mínimo 1 hora de antecedência.",
    "visible": true
  },
  "valid": {
    "value": "20:00",
    "min": "20:00",
    "invalid": "true",
    "messageVisible": true,
    "payment": "Pagamento presencial na loja",
    "pixVisible": false,
    "cnpjVisible": false
  },
  "message": {
    "opened": false,
    "containsPriority": false,
    "containsAcceptance": false,
    "containsCnpj": false,
    "containsPix": false,
    "containsPresential": false
  },
  "whatsappRealAberto": false,
  "pagamentoRealEfetuado": false
}
EXIT=0
===== testar-links-sku-catalogo.mjs =====
{
  "controlsChecked": 109,
  "uniqueSkusChecked": 109,
  "invalidLinks": 0,
  "reportPath": "/home/ubuntu/itapolitanacajuru-source/alteracoes/2026-08-21-cardapio-acai-link/resultado-links-sku-catalogo.json"
}
EXIT=0
===== testar-migracao-picoles.mjs =====
{
  "categoryOrder": [
    "frutas_agua",
    "leite_sem_recheio",
    "leite_com_recheio",
    "especiais",
    "esquimós"
  ],
  "catalogChecks": [
    {
      "key": "frutas_agua",
      "name": "Picolés Base Água & Frutas",
      "price": 2.5,
      "skus": [
        "PIC-AG-001",
        "PIC-AG-002",
        "PIC-AG-003",
        "PIC-AG-004",
        "PIC-AG-005",
        "PIC-AG-006",
        "PIC-AG-007",
        "PIC-AG-008"
      ],
      "correctName": true,
      "correctCount": true,
      "correctPrefix": true
    },
    {
      "key": "leite_sem_recheio",
      "name": "Picolés AO LEITE Cremosos S/ Recheio",
      "price": 2.5,
      "skus": [
        "PIC-CR-001",
        "PIC-CR-002",
        "PIC-CR-003",
        "PIC-CR-004"
      ],
      "correctName": true,
      "correctCount": true,
      "correctPrefix": true
    },
    {
      "key": "leite_com_recheio",
      "name": "Picolés AO LEITE Cremosos Recheados",
      "price": 3,
      "skus": [
        "PIC-REC-001",
        "PIC-REC-002",
        "PIC-REC-003",
        "PIC-REC-004",
        "PIC-REC-005",
        "PIC-REC-006",
        "PIC-REC-007",
        "PIC-REC-008",
        "PIC-REC-009",
        "PIC-REC-010",
        "PIC-REC-011",
        "PIC-REC-012"
      ],
      "correctName": true,
      "correctCount": true,
      "correctPrefix": true
    },
    {
      "key": "especiais",
      "name": "Picolés AO LEITE Especiais",
      "price": 4,
      "skus": [
        "PIC-ESP-001",
        "PIC-ESP-002"
      ],
      "correctName": true,
      "correctCount": true,
      "correctPrefix": true
    },
    {
      "key": "esquimós",
      "name": "Picolés AO LEITE Premium Eskimós",
      "price": 8,
      "skus": [
        "PIC-PREM-ESKIMO-001",
        "PIC-PREM-ESKIMO-002",
        "PIC-PREM-ESKIMO-003",
        "PIC-PREM-ESKIMO-004",
        "PIC-PREM-ESKIMO-005",
        "PIC-PREM-ESKIMO-006",
        "PIC-PREM-ESKIMO-007",
        "PIC-PREM-ESKIMO-008"
      ],
      "correctName": true,
      "correctCount": true,
      "correctPrefix": true
    }
  ],
  "uniqueSkuCount": 34,
  "totalSkuCount": 34,
  "nonDecreasingPrices": true,
  "oldSkuFiles": [],
  "pageGroups": [
    "Picolés Base Água & Frutas",
    "Picolés AO LEITE Cremosos S/ Recheio",
    "Picolés AO LEITE Cremosos Recheados",
    "Picolés AO LEITE Especiais",
    "Picolés AO LEITE Premium Eskimós"
  ],
  "pageGroupsMatch": true,
  "encomendasIndexes": [
    -1,
    -1,
    -1,
    -1,
    -1
  ],
  "encomendasCategoriesMatch": false,
  "encomendasSourceIndexes": [
    46669,
    46730,
    46801,
    46863,
    46917
  ],
  "encomendasSourceCategoriesMatch": true,
  "whatsappOpened": false,
  "orderSent": false
}
EXIT=0
===== testar-milkshakes-formulario-cores.mjs =====
{
  "produtoTradicional": {
    "opened": false,
    "status": ""
  },
  "tradicionalAdicionado": {
    "added": false,
    "flavors": 0,
    "flavorDialogOpen": false
  },
  "acaiPreMontado": {
    "addedDirectly": false,
    "flavorDialogOpen": false,
    "flavors": 0
  },
  "whatsappAberto": false,
  "pedidoEnviado": false
}
EXIT=0
===== testar-milkshakes-sabores-ovomaltine.mjs =====
{
  "traditionalBefore": {
    "flavorCount": 38,
    "confirmBlocked": true,
    "acaiAddonHidden": true
  },
  "traditionalReady": {
    "selected": 2,
    "addonVisible": true,
    "addonText": "Adicional do milk-shake (opcional)\n\nAcrescente Ovomaltine por R$ 3,00. Não disponível nos milk-shakes de Açaí Natureon.\n\nAdicionar Ovomaltine + R$ 3,00\n\nNenhum adicional selecionado."
  },
  "traditionalCart": [
    {
      "key": "MLK-TRD-300::MLK-MAS-001:1|MLK-MAS-002:1::store::::::::ADIC-MLK-OVO:1::::",
      "sku": "MLK-TRD-300",
      "name": "Milkshake tradicional",
      "size": "300ml",
      "category": "Milkshake",
      "type": "produto",
      "price": 17,
      "flavors": [
        {
          "code": "MLK-MAS-001",
          "name": "Abacaxi ao Vinho",
          "unavailable": false
        },
        {
          "code": "MLK-MAS-002",
          "name": "Abacaxi Suíço",
          "unavailable": false
        }
      ],
      "flavorPreferences": [],
      "flavorDistribution": "",
      "boxAddOns": [
        {
          "id": "milkshake_ovomaltine",
          "sku": "ADIC-MLK-OVO",
          "name": "Ovomaltine",
          "price": 3,
          "quantity": 1
        }
      ],
      "includedExtras": [],
      "fixedIngredients": [],
      "serviceMode": "store",
      "containerType": "",
      "cakeChoice": "",
      "packagingSku": "",
      "packagingName": "",
      "packagingFee": 0,
      "packagingIncluded": false,
      "quantity": 1,
      "retail": 0,
      "wholesale": 0
    }
  ],
  "topCart": [
    {
      "key": "MLK-TOP-360::MLK-MAS-001:1|MLK-MAS-002:1::store::::::::ADIC-MLK-OVO:1::::chantilly|nutella",
      "sku": "MLK-TOP-360",
      "name": "Milkshake top",
      "size": "360ml",
      "category": "Milkshake",
      "type": "produto",
      "price": 20,
      "flavors": [
        {
          "code": "MLK-MAS-001",
          "name": "Abacaxi ao Vinho",
          "unavailable": false
        },
        {
          "code": "MLK-MAS-002",
          "name": "Abacaxi Suíço",
          "unavailable": false
        }
      ],
      "flavorPreferences": [],
      "flavorDistribution": "",
      "boxAddOns": [
        {
          "id": "milkshake_ovomaltine",
          "sku": "ADIC-MLK-OVO",
          "name": "Ovomaltine",
          "price": 3,
          "quantity": 1
        }
      ],
      "includedExtras": [
        "Chantilly",
        "Nutella"
      ],
      "fixedIngredients": [],
      "serviceMode": "store",
      "containerType": "",
      "cakeChoice": "",
      "packagingSku": "",
      "packagingName": "",
      "packagingFee": 0,
      "packagingIncluded": false,
      "quantity": 1,
      "retail": 0,
      "wholesale": 0
    }
  ],
  "acaiDialogOpen": false,
  "acaiCart": [
    {
      "key": "ACA-MSK-001::::::::::::::::",
      "sku": "ACA-MSK-001",
      "name": "300 ml — Açaí Natureon + Nutella + chantilly + paçoca",
      "size": "Milk-shake",
      "category": "Milk-shake de Açaí",
      "type": "produto",
      "price": 23,
      "flavors": [],
      "flavorPreferences": [],
      "flavorDistribution": "",
      "boxAddOns": [],
      "includedExtras": [],
      "fixedIngredients": [],
      "serviceMode": "",
      "containerType": "",
      "cakeChoice": "",
      "packagingSku": "",
      "packagingName": "",
      "packagingFee": 0,
      "packagingIncluded": false,
      "quantity": 1,
      "retail": 0,
      "wholesale": 0
    }
  ],
  "whatsappOpened": false,
  "orderSent": false
}
EXIT=0
===== testar-modal-acai-natureon.mjs =====
{
  "ok": true,
  "viewport": "375x812",
  "initialScrollY": 3,
  "finalScrollY": 3,
  "delta": 0,
  "pagesRendered": 12,
  "focusReturned": true
}
EXIT=0
===== testar-personalizacoes-copos-cestinhas.mjs =====
{
  "cup": {
    "ui": {
      "visible": true,
      "labels": [
        "Cobertura de morango",
        "Cobertura de chocolate",
        "Granulado de chocolate ao leite",
        "Canudinho wafer"
      ],
      "text": "Personalize seu produto (opcional)\n\nCoberturas e complementos incluídos no preço final. Você pode escolher uma cobertura, as duas ou nenhuma.\n\nCobertura de morango\nCobertura de chocolate\nGranulado de chocolate ao leite\nCanudinho wafer\n\nNenhuma cobertura ou complemento selecionado. O valor do produto não muda."
    },
    "cart": [
      {
        "key": "SVM-CR-01::MAS-001:1::store::::::1 abacaxi ao vinho::::::cobertura de morango|granulado de chocolate ao leite",
        "sku": "SVM-CR-01",
        "name": "Copo recheado",
        "size": "1 Bola",
        "category": "Sorvetes de massa",
        "type": "produto",
        "price": 10,
        "flavors": [
          {
            "code": "MAS-001",
            "name": "Abacaxi ao Vinho",
            "unavailable": false,
            "quantity": 1
          }
        ],
        "flavorPreferences": [],
        "flavorDistribution": "1 Abacaxi ao Vinho",
        "boxAddOns": [],
        "includedExtras": [
          "Cobertura de morango",
          "Granulado de chocolate ao leite"
        ],
        "fixedIngredients": [],
        "serviceMode": "store",
        "containerType": "",
        "cakeChoice": "",
        "packagingSku": "",
        "packagingName": "",
        "packagingFee": 0,
        "packagingIncluded": false,
        "quantity": 1,
        "retail": 0,
        "wholesale": 0
      }
    ]
  },
  "basket": {
    "ui": {
      "visible": true,
      "labels": [
        "Cobertura de morango",
        "Cobertura de chocolate",
        "Granulado de chocolate ao leite",
        "Canudinho wafer"
      ],
      "text": "Personalize seu produto (opcional)\n\nCoberturas e complementos incluídos no preço final. Você pode escolher uma cobertura, as duas ou nenhuma.\n\nCobertura de morango\nCobertura de chocolate\nGranulado de chocolate ao leite\nCanudinho wafer\n\nNenhuma cobertura ou complemento selecionado. O valor do produto não muda."
    },
    "cart": [
      {
        "key": "SVM-CT-01::MAS-001:1::store::::::1 abacaxi ao vinho::::::canudinho wafer|cobertura de chocolate",
        "sku": "SVM-CT-01",
        "name": "Cestinha",
        "size": "1 Bola",
        "category": "Sorvetes de massa",
        "type": "produto",
        "price": 14,
        "flavors": [
          {
            "code": "MAS-001",
            "name": "Abacaxi ao Vinho",
            "unavailable": false,
            "quantity": 1
          }
        ],
        "flavorPreferences": [],
        "flavorDistribution": "1 Abacaxi ao Vinho",
        "boxAddOns": [],
        "includedExtras": [
          "Cobertura de chocolate",
          "Canudinho wafer"
        ],
        "fixedIngredients": [],
        "serviceMode": "store",
        "containerType": "",
        "cakeChoice": "",
        "packagingSku": "",
        "packagingName": "",
        "packagingFee": 0,
        "packagingIncluded": false,
        "quantity": 1,
        "retail": 0,
        "wholesale": 0
      }
    ]
  },
  "whatsappOpened": false,
  "orderSent": false
}
EXIT=0
===== testar-preferencias-sabores.mjs =====
{
  "retiradaAberta": true,
  "mass": {
    "before": true,
    "after": false,
    "cartHasSku": true
  },
  "box5L": {
    "before": true,
    "after": false,
    "cartHasSku": true
  },
  "box10L": {
    "before": true,
    "after": false,
    "cartHasSku": true
  },
  "special": {
    "preferencesHidden": true,
    "before": true,
    "after": false,
    "cartHasSku": true
  },
  "whatsappOpened": false,
  "orderSent": false,
  "ok": true
}
EXIT=0
===== testar-retorno-encomendas-picoles.mjs =====
{
  "ok": true,
  "initialScrollY": 4,
  "finalScrollY": 4,
  "delta": 0
}
EXIT=0
===== testar-retorno-ultima-compra.mjs =====
{
  "ok": true,
  "viewport": "1280x900",
  "initialScrollY": 10169,
  "finalScrollY": 10169,
  "delta": 0
}
EXIT=0
===== testar-reversao-sabores-diretos.mjs =====
undefined
EXIT=0
===== testar-tacas-gourmet-acai.mjs =====
{
  "apresentação": {
    "sectionFound": true,
    "groupName": "Taças Gourmet Açaí Natureon",
    "cardCount": 4,
    "cardSkus": [
      "ACA-TCG-001",
      "ACA-TCG-002",
      "ACA-TCG-003",
      "ACA-TCG-004"
    ],
    "orderAfterCombinations": true
  },
  "adicao": {
    "addedDirectly": false,
    "flavors": 0,
    "flavorDialogOpen": false,
    "total": 0
  },
  "whatsappAberto": false,
  "pedidoEnviado": false
}
EXIT=0
===== testar-total-picoles-atacado.mjs =====
{
  "beforeWholesale": {
    "text": "Total de picolés: 50 · R$ 125,00 · atacado a partir de 100",
    "confirm": false
  },
  "atWholesale": {
    "text": "Total de picolés: 100 · R$ 180,00 · preço de atacado aplicado",
    "confirm": false
  },
  "cart": [
    {
      "key": "PIC-AG-001::::::::::::::::",
      "sku": "PIC-AG-001",
      "name": "Abacaxi",
      "size": "1 unidade",
      "category": "Picolés",
      "type": "picole",
      "price": 2.5,
      "flavors": [],
      "flavorPreferences": [],
      "flavorDistribution": "",
      "boxAddOns": [],
      "includedExtras": [],
      "fixedIngredients": [],
      "serviceMode": "",
      "containerType": "",
      "cakeChoice": "",
      "packagingSku": "",
      "packagingName": "",
      "packagingFee": 0,
      "packagingIncluded": false,
      "quantity": 50,
      "retail": 2.5,
      "wholesale": 1.8,
      "stock": 50
    },
    {
      "key": "PIC-AG-002::::::::::::::::",
      "sku": "PIC-AG-002",
      "name": "Caju",
      "size": "1 unidade",
      "category": "Picolés",
      "type": "picole",
      "price": 2.5,
      "flavors": [],
      "flavorPreferences": [],
      "flavorDistribution": "",
      "boxAddOns": [],
      "includedExtras": [],
      "fixedIngredients": [],
      "serviceMode": "",
      "containerType": "",
      "cakeChoice": "",
      "packagingSku": "",
      "packagingName": "",
      "packagingFee": 0,
      "packagingIncluded": false,
      "quantity": 50,
      "retail": 2.5,
      "wholesale": 1.8,
      "stock": 50
    }
  ],
  "cartVisual": "Total dos produtos\nR$ 180,00\nPicolés: 100 · atacado\nR$ 180,00\nTotal de adicionais\nR$ 0,00\nEmbalagens para viagem\nR$ 0,00",
  "whatsappOpened": false,
  "orderSent": false
}
EXIT=0
